Archive member included to satisfy reference by file (symbol)

D:/installs/STM32CubeIDE_1.19.0/STM32CubeIDE/plugins/com.st.stm32cube.ide.mcu.externaltools.gnu-tools-for-stm32.13.3.rel1.win32_1.0.0.202411081344/tools/bin/../lib/gcc/arm-none-eabi/13.3.1/../../../../arm-none-eabi/lib/thumb/v7-m/nofp\libc_nano.a(libc_a-exit.o)
                              D:/installs/STM32CubeIDE_1.19.0/STM32CubeIDE/plugins/com.st.stm32cube.ide.mcu.externaltools.gnu-tools-for-stm32.13.3.rel1.win32_1.0.0.202411081344/tools/bin/../lib/gcc/arm-none-eabi/13.3.1/../../../../arm-none-eabi/lib/thumb/v7-m/nofp/crt0.o (exit)
D:/installs/STM32CubeIDE_1.19.0/STM32CubeIDE/plugins/com.st.stm32cube.ide.mcu.externaltools.gnu-tools-for-stm32.13.3.rel1.win32_1.0.0.202411081344/tools/bin/../lib/gcc/arm-none-eabi/13.3.1/../../../../arm-none-eabi/lib/thumb/v7-m/nofp\libc_nano.a(libc_a-findfp.o)
                              D:/installs/STM32CubeIDE_1.19.0/STM32CubeIDE/plugins/com.st.stm32cube.ide.mcu.externaltools.gnu-tools-for-stm32.13.3.rel1.win32_1.0.0.202411081344/tools/bin/../lib/gcc/arm-none-eabi/13.3.1/../../../../arm-none-eabi/lib/thumb/v7-m/nofp\libc_nano.a(libc_a-exit.o) (__stdio_exit_handler)
D:/installs/STM32CubeIDE_1.19.0/STM32CubeIDE/plugins/com.st.stm32cube.ide.mcu.externaltools.gnu-tools-for-stm32.13.3.rel1.win32_1.0.0.202411081344/tools/bin/../lib/gcc/arm-none-eabi/13.3.1/../../../../arm-none-eabi/lib/thumb/v7-m/nofp\libc_nano.a(libc_a-fwalk.o)
                              D:/installs/STM32CubeIDE_1.19.0/STM32CubeIDE/plugins/com.st.stm32cube.ide.mcu.externaltools.gnu-tools-for-stm32.13.3.rel1.win32_1.0.0.202411081344/tools/bin/../lib/gcc/arm-none-eabi/13.3.1/../../../../arm-none-eabi/lib/thumb/v7-m/nofp\libc_nano.a(libc_a-findfp.o) (_fwalk_sglue)
D:/installs/STM32CubeIDE_1.19.0/STM32CubeIDE/plugins/com.st.stm32cube.ide.mcu.externaltools.gnu-tools-for-stm32.13.3.rel1.win32_1.0.0.202411081344/tools/bin/../lib/gcc/arm-none-eabi/13.3.1/../../../../arm-none-eabi/lib/thumb/v7-m/nofp\libc_nano.a(libc_a-stdio.o)
                              D:/installs/STM32CubeIDE_1.19.0/STM32CubeIDE/plugins/com.st.stm32cube.ide.mcu.externaltools.gnu-tools-for-stm32.13.3.rel1.win32_1.0.0.202411081344/tools/bin/../lib/gcc/arm-none-eabi/13.3.1/../../../../arm-none-eabi/lib/thumb/v7-m/nofp\libc_nano.a(libc_a-findfp.o) (__sread)
D:/installs/STM32CubeIDE_1.19.0/STM32CubeIDE/plugins/com.st.stm32cube.ide.mcu.externaltools.gnu-tools-for-stm32.13.3.rel1.win32_1.0.0.202411081344/tools/bin/../lib/gcc/arm-none-eabi/13.3.1/../../../../arm-none-eabi/lib/thumb/v7-m/nofp\libc_nano.a(libc_a-memset.o)
                              D:/installs/STM32CubeIDE_1.19.0/STM32CubeIDE/plugins/com.st.stm32cube.ide.mcu.externaltools.gnu-tools-for-stm32.13.3.rel1.win32_1.0.0.202411081344/tools/bin/../lib/gcc/arm-none-eabi/13.3.1/../../../../arm-none-eabi/lib/thumb/v7-m/nofp/crt0.o (memset)
D:/installs/STM32CubeIDE_1.19.0/STM32CubeIDE/plugins/com.st.stm32cube.ide.mcu.externaltools.gnu-tools-for-stm32.13.3.rel1.win32_1.0.0.202411081344/tools/bin/../lib/gcc/arm-none-eabi/13.3.1/../../../../arm-none-eabi/lib/thumb/v7-m/nofp\libc_nano.a(libc_a-closer.o)
                              D:/installs/STM32CubeIDE_1.19.0/STM32CubeIDE/plugins/com.st.stm32cube.ide.mcu.externaltools.gnu-tools-for-stm32.13.3.rel1.win32_1.0.0.202411081344/tools/bin/../lib/gcc/arm-none-eabi/13.3.1/../../../../arm-none-eabi/lib/thumb/v7-m/nofp\libc_nano.a(libc_a-stdio.o) (_close_r)
D:/installs/STM32CubeIDE_1.19.0/STM32CubeIDE/plugins/com.st.stm32cube.ide.mcu.externaltools.gnu-tools-for-stm32.13.3.rel1.win32_1.0.0.202411081344/tools/bin/../lib/gcc/arm-none-eabi/13.3.1/../../../../arm-none-eabi/lib/thumb/v7-m/nofp\libc_nano.a(libc_a-reent.o)
                              D:/installs/STM32CubeIDE_1.19.0/STM32CubeIDE/plugins/com.st.stm32cube.ide.mcu.externaltools.gnu-tools-for-stm32.13.3.rel1.win32_1.0.0.202411081344/tools/bin/../lib/gcc/arm-none-eabi/13.3.1/../../../../arm-none-eabi/lib/thumb/v7-m/nofp\libc_nano.a(libc_a-closer.o) (errno)
D:/installs/STM32CubeIDE_1.19.0/STM32CubeIDE/plugins/com.st.stm32cube.ide.mcu.externaltools.gnu-tools-for-stm32.13.3.rel1.win32_1.0.0.202411081344/tools/bin/../lib/gcc/arm-none-eabi/13.3.1/../../../../arm-none-eabi/lib/thumb/v7-m/nofp\libc_nano.a(libc_a-impure.o)
                              D:/installs/STM32CubeIDE_1.19.0/STM32CubeIDE/plugins/com.st.stm32cube.ide.mcu.externaltools.gnu-tools-for-stm32.13.3.rel1.win32_1.0.0.202411081344/tools/bin/../lib/gcc/arm-none-eabi/13.3.1/../../../../arm-none-eabi/lib/thumb/v7-m/nofp\libc_nano.a(libc_a-reent.o) (_impure_ptr)
D:/installs/STM32CubeIDE_1.19.0/STM32CubeIDE/plugins/com.st.stm32cube.ide.mcu.externaltools.gnu-tools-for-stm32.13.3.rel1.win32_1.0.0.202411081344/tools/bin/../lib/gcc/arm-none-eabi/13.3.1/../../../../arm-none-eabi/lib/thumb/v7-m/nofp\libc_nano.a(libc_a-lseekr.o)
[...]
Memory Configuration

Name             Origin             Length             Attributes
RAM              0x20000000         0x00005000         xrw
FLASH            0x08000000         0x00010000         xr
*default*        0x00000000         0xffffffff

Linker script and memory map

LOAD D:/installs/STM32CubeIDE_1.19.0/STM32CubeIDE/plugins/com.st.stm32cube.ide.mcu.externaltools.gnu-tools-for-stm32.13.3.rel1.win32_1.0.0.202411081344/tools/bin/../lib/gcc/arm-none-eabi/13.3.1/thumb/v7-m/nofp/crti.o
LOAD D:/installs/STM32CubeIDE_1.19.0/STM32CubeIDE/plugins/com.st.stm32cube.ide.mcu.externaltools.gnu-tools-for-stm32.13.3.rel1.win32_1.0.0.202411081344/tools/bin/../lib/gcc/arm-none-eabi/13.3.1/thumb/v7-m/nofp/crtbegin.o
LOAD D:/installs/STM32CubeIDE_1.19.0/STM32CubeIDE/plugins/com.st.stm32cube.ide.mcu.externaltools.gnu-tools-for-stm32.13.3.rel1.win32_1.0.0.202411081344/tools/bin/../lib/gcc/arm-none-eabi/13.3.1/../../../../arm-none-eabi/lib/thumb/v7-m/nofp/crt0.o
LOAD ./Core/Src/fonts.o
LOAD ./Core/Src/main.o
LOAD ./Core/Src/ssd1306.o
LOAD ./Core/Src/stm32f1xx_hal_msp.o
LOAD ./Core/Src/stm32f1xx_it.o
LOAD ./Core/Src/syscalls.o
LOAD ./Core/Src/sysmem.o
LOAD ./Core/Src/system_stm32f1xx.o
LOAD ./Core/Startup/startup_stm32f103c8tx.o
LOAD ./Drivers/STM32F1xx_HAL_Driver/Src/stm32f1xx_hal.o
LOAD ./Drivers/STM32F1xx_HAL_Driver/Src/stm32f1xx_hal_cortex.o
LOAD ./Drivers/STM32F1xx_HAL_Driver/Src/stm32f1xx_hal_dma.o
LOAD ./Drivers/STM32F1xx_HAL_Driver/Src/stm32f1xx_hal_exti.o
LOAD ./Drivers/STM32F1xx_HAL_Driver/Src/stm32f1xx_hal_flash.o
LOAD ./Drivers/STM32F1xx_HAL_Driver/Src/stm32f1xx_hal_flash_ex.o
LOAD ./Drivers/STM32F1xx_HAL_Driver/Src/stm32f1xx_hal_gpio.o
LOAD ./Drivers/STM32F1xx_HAL_Driver/Src/stm32f1xx_hal_gpio_ex.o
LOAD ./Drivers/STM32F1xx_HAL_Driver/Src/stm32f1xx_hal_i2c.o
LOAD ./Drivers/STM32F1xx_HAL_Driver/Src/stm32f1xx_hal_pwr.o
LOAD ./Drivers/STM32F1xx_HAL_Driver/Src/stm32f1xx_hal_rcc.o
LOAD ./Drivers/STM32F1xx_HAL_Driver/Src/stm32f1xx_hal_rcc_ex.o
START GROUP
LOAD D:/installs/STM32CubeIDE_1.19.0/STM32CubeIDE/plugins/com.st.stm32cube.ide.mcu.externaltools.gnu-tools-for-stm32.13.3.rel1.win32_1.0.0.202411081344/tools/bin/../lib/gcc/arm-none-eabi/13.3.1/../../../../arm-none-eabi/lib/thumb/v7-m/nofp\libc_nano.a
LOAD D:/installs/STM32CubeIDE_1.19.0/STM32CubeIDE/plugins/com.st.stm32cube.ide.mcu.externaltools.gnu-tools-for-stm32.13.3.rel1.win32_1.0.0.202411081344/tools/bin/../lib/gcc/arm-none-eabi/13.3.1/../../../../arm-none-eabi/lib/thumb/v7-m/nofp\libm.a
END GROUP
START GROUP
LOAD D:/installs/STM32CubeIDE_1.19.0/STM32CubeIDE/plugins/com.st.stm32cube.ide.mcu.externaltools.gnu-tools-for-stm32.13.3.rel1.win32_1.0.0.202411081344/tools/bin/../lib/gcc/arm-none-eabi/13.3.1/thumb/v7-m/nofp\libgcc.a
LOAD D:/installs/STM32CubeIDE_1.19.0/STM32CubeIDE/plugins/com.st.stm32cube.ide.mcu.externaltools.gnu-tools-for-stm32.13.3.rel1.win32_1.0.0.202411081344/tools/bin/../lib/gcc/arm-none-eabi/13.3.1/../../../../arm-none-eabi/lib/thumb/v7-m/nofp\libc_nano.a
END GROUP
START GROUP
LOAD D:/installs/STM32CubeIDE_1.19.0/STM32CubeIDE/plugins/com.st.stm32cube.ide.mcu.externaltools.gnu-tools-for-stm32.13.3.rel1.win32_1.0.0.202411081344/tools/bin/../lib/gcc/arm-none-eabi/13.3.1/thumb/v7-m/nofp\libgcc.a
LOAD D:/installs/STM32CubeIDE_1.19.0/STM32CubeIDE/plugins/com.st.stm32cube.ide.mcu.externaltools.gnu-tools-for-stm32.13.3.rel1.win32_1.0.0.202411081344/tools/bin/../lib/gcc/arm-none-eabi/13.3.1/../../../../arm-none-eabi/lib/thumb/v7-m/nofp\libc_nano.a
LOAD D:/installs/STM32CubeIDE_1.19.0/STM32CubeIDE/plugins/com.st.stm32cube.ide.mcu.externaltools.gnu-tools-for-stm32.13.3.rel1.win32_1.0.0.202411081344/tools/bin/../lib/gcc/arm-none-eabi/13.3.1/../../../../arm-none-eabi/lib/thumb/v7-m/nofp\libnosys.a
END GROUP
START GROUP
LOAD D:/installs/STM32CubeIDE_1.19.0/STM32CubeIDE/plugins/com.st.stm32cube.ide.mcu.externaltools.gnu-tools-for-stm32.13.3.rel1.win32_1.0.0.202411081344/tools/bin/../lib/gcc/arm-none-eabi/13.3.1/thumb/v7-m/nofp\libgcc.a
LOAD D:/installs/STM32CubeIDE_1.19.0/STM32CubeIDE/plugins/com.st.stm32cube.ide.mcu.externaltools.gnu-tools-for-stm32.13.3.rel1.win32_1.0.0.202411081344/tools/bin/../lib/gcc/arm-none-eabi/13.3.1/../../../../arm-none-eabi/lib/thumb/v7-m/nofp\libc_nano.a
LOAD D:/installs/STM32CubeIDE_1.19.0/STM32CubeIDE/plugins/com.st.stm32cube.ide.mcu.externaltools.gnu-tools-for-stm32.13.3.rel1.win32_1.0.0.202411081344/tools/bin/../lib/gcc/arm-none-eabi/13.3.1/../../../../arm-none-eabi/lib/thumb/v7-m/nofp\libnosys.a
END GROUP
LOAD D:/installs/STM32CubeIDE_1.19.0/STM32CubeIDE/plugins/com.st.stm32cube.ide.mcu.externaltools.gnu-tools-for-stm32.13.3.rel1.win32_1.0.0.202411081344/tools/bin/../lib/gcc/arm-none-eabi/13.3.1/thumb/v7-m/nofp/crtend.o
LOAD D:/installs/STM32CubeIDE_1.19.0/STM32CubeIDE/plugins/com.st.stm32cube.ide.mcu.externaltools.gnu-tools-for-stm32.13.3.rel1.win32_1.0.0.202411081344/tools/bin/../lib/gcc/arm-none-eabi/13.3.1/thumb/v7-m/nofp/crtn.o
                0x20005000                        _estack = (ORIGIN (RAM) + LENGTH (RAM))
                0x00000200                        _Min_Heap_Size = 0x200
                0x00000400                        _Min_Stack_Size = 0x400

.isr_vector     0x08000000      0x10c
                0x08000000                        . = ALIGN (0x4)
 *(.isr_vector)
 .isr_vector    0x08000000      0x10c ./Core/Startup/startup_stm32f103c8tx.o
                0x08000000                g_pfnVectors
                0x0800010c                        . = ALIGN (0x4)

.text           0x0800010c     0x2234
                0x0800010c                        . = ALIGN (0x4)
 *(.text)
 .text          0x0800010c       0x40 D:/installs/STM32CubeIDE_1.19.0/STM32CubeIDE/plugins/com.st.stm32cube.ide.mcu.externaltools.gnu-tools-for-stm32.13.3.rel1.win32_1.0.0.202411081344/tools/bin/../lib/gcc/arm-none-eabi/13.3.1/thumb/v7-m/nofp/crtbegin.o
 *(.text*)
 .text.main     0x0800014c       0x3c ./Core/Src/main.o
                0x0800014c                main
 .text.SystemClock_Config
                0x08000188       0x76 ./Core/Src/main.o
                0x08000188                SystemClock_Config
 *fill*         0x080001fe        0x2 
 .text.MX_I2C1_Init
                0x08000200       0x5c ./Core/Src/main.o
 .text.MX_GPIO_Init
                0x0800025c       0x44 ./Core/Src/main.o
 .text.Error_Handler
                0x080002a0        0xc ./Core/Src/main.o
                0x080002a0                Error_Handler
 .text.SSD1306_Init
                0x080002ac      0x188 ./Core/Src/ssd1306.o
                0x080002ac                SSD1306_Init
 .text.SSD1306_UpdateScreen
                0x08000434       0x5c ./Core/Src/ssd1306.o
                0x08000434                SSD1306_UpdateScreen
 .text.SSD1306_Fill
                0x08000490       0x30 ./Core/Src/ssd1306.o
                0x08000490                SSD1306_Fill
 .text.SSD1306_DrawPixel
                0x080004c0       0xbc ./Core/Src/ssd1306.o
                0x080004c0                SSD1306_DrawPixel
 .text.SSD1306_GotoXY
                0x0800057c       0x2c ./Core/Src/ssd1306.o
                0x0800057c                SSD1306_GotoXY
 .text.SSD1306_Putc
                0x080005a8       0xfc ./Core/Src/ssd1306.o
                0x080005a8                SSD1306_Putc
 .text.SSD1306_Puts
                0x080006a4       0x4a ./Core/Src/ssd1306.o
                0x080006a4                SSD1306_Puts
 *fill*         0x080006ee        0x2 
 .text.ssd1306_I2C_Init
                0x080006f0       0x28 ./Core/Src/ssd1306.o
                0x080006f0                ssd1306_I2C_Init
 .text.ssd1306_I2C_WriteMulti
                0x08000718       0xcc ./Core/Src/ssd1306.o
                0x08000718                ssd1306_I2C_WriteMulti
 .text.ssd1306_I2C_Write
                0x080007e4       0x3c ./Core/Src/ssd1306.o
                0x080007e4                ssd1306_I2C_Write
 .text.HAL_MspInit
                0x08000820       0x64 ./Core/Src/stm32f1xx_hal_msp.o
                0x08000820                HAL_MspInit
 .text.HAL_I2C_MspInit
                0x08000884       0x7c ./Core/Src/stm32f1xx_hal_msp.o
                0x08000884                HAL_I2C_MspInit
 .text.NMI_Handler
                0x08000900        0x8 ./Core/Src/stm32f1xx_it.o
                0x08000900                NMI_Handler
 .text.HardFault_Handler
                0x08000908        0x8 ./Core/Src/stm32f1xx_it.o
                0x08000908                HardFault_Handler
 .text.MemManage_Handler
                0x08000910        0x8 ./Core/Src/stm32f1xx_it.o
                0x08000910                MemManage_Handler
 .text.BusFault_Handler
                0x08000918        0x8 ./Core/Src/stm32f1xx_it.o
                0x08000918                BusFault_Handler
 .text.UsageFault_Handler
                0x08000920        0x8 ./Core/Src/stm32f1xx_it.o
                0x08000920                UsageFault_Handler
 .text.SVC_Handler
                0x08000928        0xc ./Core/Src/stm32f1xx_it.o
                0x08000928                SVC_Handler
 .text.DebugMon_Handler
                0x08000934        0xc ./Core/Src/stm32f1xx_it.o
                0x08000934                DebugMon_Handler
 .text.PendSV_Handler
                0x08000940        0xc ./Core/Src/stm32f1xx_it.o
                0x08000940                PendSV_Handler
 .text.SysTick_Handler
                0x0800094c        0xc ./Core/Src/stm32f1xx_it.o
                0x0800094c                SysTick_Handler
 .text.SystemInit
                0x08000958        0xc ./Core/Src/system_stm32f1xx.o
                0x08000958                SystemInit
 .text.Reset_Handler
                0x08000964       0x48 ./Core/Startup/startup_stm32f103c8tx.o
                0x08000964                Reset_Handler
 .text.Default_Handler
                0x080009ac        0x2 ./Core/Startup/startup_stm32f103c8tx.o
                0x080009ac                RTC_Alarm_IRQHandler
                0x080009ac                EXTI2_IRQHandler
                0x080009ac                TIM1_CC_IRQHandler
                0x080009ac                PVD_IRQHandler
                0x080009ac                EXTI3_IRQHandler
                0x080009ac                EXTI0_IRQHandler
                0x080009ac                I2C2_EV_IRQHandler
                0x080009ac                ADC1_2_IRQHandler
                0x080009ac                SPI1_IRQHandler
                0x080009ac                TAMPER_IRQHandler
                0x080009ac                DMA1_Channel4_IRQHandler
                0x080009ac                USART3_IRQHandler
                0x080009ac                RTC_IRQHandler
                0x080009ac                DMA1_Channel7_IRQHandler
                0x080009ac                CAN1_RX1_IRQHandler
                0x080009ac                TIM4_IRQHandler
                0x080009ac                I2C1_EV_IRQHandler
                0x080009ac                DMA1_Channel6_IRQHandler
                0x080009ac                TIM3_IRQHandler
                0x080009ac                RCC_IRQHandler
                0x080009ac                TIM1_TRG_COM_IRQHandler
                0x080009ac                DMA1_Channel1_IRQHandler
                0x080009ac                Default_Handler
                0x080009ac                EXTI15_10_IRQHandler
                0x080009ac                EXTI9_5_IRQHandler
                0x080009ac                SPI2_IRQHandler
                0x080009ac                DMA1_Channel5_IRQHandler
                0x080009ac                EXTI4_IRQHandler
                0x080009ac                USB_LP_CAN1_RX0_IRQHandler
                0x080009ac                USB_HP_CAN1_TX_IRQHandler
                0x080009ac                DMA1_Channel3_IRQHandler
                0x080009ac                TIM1_UP_IRQHandler
                0x080009ac                WWDG_IRQHandler
                0x080009ac                TIM2_IRQHandler
                0x080009ac                TIM1_BRK_IRQHandler
                0x080009ac                EXTI1_IRQHandler
                0x080009ac                USART2_IRQHandler
                0x080009ac                I2C2_ER_IRQHandler
                0x080009ac                DMA1_Channel2_IRQHandler
                0x080009ac                CAN1_SCE_IRQHandler
                0x080009ac                FLASH_IRQHandler
                0x080009ac                USART1_IRQHandler
                0x080009ac                I2C1_ER_IRQHandler
                0x080009ac                USBWakeUp_IRQHandler
 *fill*         0x080009ae        0x2 
 .text.HAL_Init
                0x080009b0       0x2c ./Drivers/STM32F1xx_HAL_Driver/Src/stm32f1xx_hal.o
                0x080009b0                HAL_Init
 .text.HAL_InitTick
                0x080009dc       0x60 ./Drivers/STM32F1xx_HAL_Driver/Src/stm32f1xx_hal.o
                0x080009dc                HAL_InitTick
 .text.HAL_IncTick
                0x08000a3c       0x24 ./Drivers/STM32F1xx_HAL_Driver/Src/stm32f1xx_hal.o
                0x08000a3c                HAL_IncTick
 .text.HAL_GetTick
                0x08000a60       0x14 ./Drivers/STM32F1xx_HAL_Driver/Src/stm32f1xx_hal.o
                0x08000a60                HAL_GetTick
 .text.__NVIC_SetPriorityGrouping
                0x08000a74       0x48 ./Drivers/STM32F1xx_HAL_Driver/Src/stm32f1xx_hal_cortex.o
 .text.__NVIC_GetPriorityGrouping
                0x08000abc       0x1c ./Drivers/STM32F1xx_HAL_Driver/Src/stm32f1xx_hal_cortex.o
 .text.__NVIC_SetPriority
                0x08000ad8       0x54 ./Drivers/STM32F1xx_HAL_Driver/Src/stm32f1xx_hal_cortex.o
 .text.NVIC_EncodePriority
                0x08000b2c       0x64 ./Drivers/STM32F1xx_HAL_Driver/Src/stm32f1xx_hal_cortex.o
 .text.SysTick_Config
                0x08000b90       0x44 ./Drivers/STM32F1xx_HAL_Driver/Src/stm32f1xx_hal_cortex.o
 .text.HAL_NVIC_SetPriorityGrouping
                0x08000bd4       0x16 ./Drivers/STM32F1xx_HAL_Driver/Src/stm32f1xx_hal_cortex.o
                0x08000bd4                HAL_NVIC_SetPriorityGrouping
 .text.HAL_NVIC_SetPriority
                0x08000bea       0x38 ./Drivers/STM32F1xx_HAL_Driver/Src/stm32f1xx_hal_cortex.o
                0x08000bea                HAL_NVIC_SetPriority
 .text.HAL_SYSTICK_Config
                0x08000c22       0x18 ./Drivers/STM32F1xx_HAL_Driver/Src/stm32f1xx_hal_cortex.o
                0x08000c22                HAL_SYSTICK_Config
 *fill*         0x08000c3a        0x2 
 .text.HAL_GPIO_Init
                0x08000c3c      0x308 ./Drivers/STM32F1xx_HAL_Driver/Src/stm32f1xx_hal_gpio.o
                0x08000c3c                HAL_GPIO_Init
 .text.HAL_I2C_Init
                0x08000f44      0x288 ./Drivers/STM32F1xx_HAL_Driver/Src/stm32f1xx_hal_i2c.o
                0x08000f44                HAL_I2C_Init
 .text.HAL_I2C_Master_Transmit
                0x080011cc      0x1fc ./Drivers/STM32F1xx_HAL_Driver/Src/stm32f1xx_hal_i2c.o
                0x080011cc                HAL_I2C_Master_Transmit
 .text.HAL_I2C_IsDeviceReady
                0x080013c8      0x25c ./Drivers/STM32F1xx_HAL_Driver/Src/stm32f1xx_hal_i2c.o
                0x080013c8                HAL_I2C_IsDeviceReady
 .text.I2C_MasterRequestWrite
                0x08001624      0x104 ./Drivers/STM32F1xx_HAL_Driver/Src/stm32f1xx_hal_i2c.o
 .text.I2C_WaitOnFlagUntilTimeout
                0x08001728       0xf4 ./Drivers/STM32F1xx_HAL_Driver/Src/stm32f1xx_hal_i2c.o
 .text.I2C_WaitOnMasterAddressFlagUntilTimeout
                0x0800181c      0x140 ./Drivers/STM32F1xx_HAL_Driver/Src/stm32f1xx_hal_i2c.o
 .text.I2C_WaitOnTXEFlagUntilTimeout
                0x0800195c       0x90 ./Drivers/STM32F1xx_HAL_Driver/Src/stm32f1xx_hal_i2c.o
 .text.I2C_WaitOnBTFFlagUntilTimeout
                0x080019ec       0x90 ./Drivers/STM32F1xx_HAL_Driver/Src/stm32f1xx_hal_i2c.o
 .text.I2C_IsAcknowledgeFailed
                0x08001a7c       0x5c ./Drivers/STM32F1xx_HAL_Driver/Src/stm32f1xx_hal_i2c.o
 .text.HAL_RCC_OscConfig
                0x08001ad8      0x504 ./Drivers/STM32F1xx_HAL_Driver/Src/stm32f1xx_hal_rcc.o
                0x08001ad8                HAL_RCC_OscConfig
 .text.HAL_RCC_ClockConfig
                0x08001fdc      0x1d4 ./Drivers/STM32F1xx_HAL_Driver/Src/stm32f1xx_hal_rcc.o
                0x08001fdc                HAL_RCC_ClockConfig
 .text.HAL_RCC_GetSysClockFreq
                0x080021b0       0xa8 ./Drivers/STM32F1xx_HAL_Driver/Src/stm32f1xx_hal_rcc.o
                0x080021b0                HAL_RCC_GetSysClockFreq
 .text.HAL_RCC_GetHCLKFreq
                0x08002258       0x14 ./Drivers/STM32F1xx_HAL_Driver/Src/stm32f1xx_hal_rcc.o
                0x08002258                HAL_RCC_GetHCLKFreq
 .text.HAL_RCC_GetPCLK1Freq
                0x0800226c       0x28 ./Drivers/STM32F1xx_HAL_Driver/Src/stm32f1xx_hal_rcc.o
                0x0800226c                HAL_RCC_GetPCLK1Freq
 .text.RCC_Delay
                0x08002294       0x3c ./Drivers/STM32F1xx_HAL_Driver/Src/stm32f1xx_hal_rcc.o
 .text.memset   0x080022d0       0x10 D:/installs/STM32CubeIDE_1.19.0/STM32CubeIDE/plugins/com.st.stm32cube.ide.mcu.externaltools.gnu-tools-for-stm32.13.3.rel1.win32_1.0.0.202411081344/tools/bin/../lib/gcc/arm-none-eabi/13.3.1/../../../../arm-none-eabi/lib/thumb/v7-m/nofp\libc_nano.a(libc_a-memset.o)
                0x080022d0                memset
 .text.__libc_init_array
                0x080022e0       0x48 D:/installs/STM32CubeIDE_1.19.0/STM32CubeIDE/plugins/com.st.stm32cube.ide.mcu.externaltools.gnu-tools-for-stm32.13.3.rel1.win32_1.0.0.202411081344/tools/bin/../lib/gcc/arm-none-eabi/13.3.1/../../../../arm-none-eabi/lib/thumb/v7-m/nofp\libc_nano.a(libc_a-init.o)
                0x080022e0                __libc_init_array
 *(.glue_7)
 .glue_7        0x08002328        0x0 linker stubs
 *(.glue_7t)
 .glue_7t       0x08002328        0x0 linker stubs
 *(.eh_frame)
 .eh_frame      0x08002328        0x0 D:/installs/STM32CubeIDE_1.19.0/STM32CubeIDE/plugins/com.st.stm32cube.ide.mcu.externaltools.gnu-tools-for-stm32.13.3.rel1.win32_1.0.0.202411081344/tools/bin/../lib/gcc/arm-none-eabi/13.3.1/thumb/v7-m/nofp/crtbegin.o
 *(.init)
 .init          0x08002328        0x4 D:/installs/STM32CubeIDE_1.19.0/STM32CubeIDE/plugins/com.st.stm32cube.ide.mcu.externaltools.gnu-tools-for-stm32.13.3.rel1.win32_1.0.0.202411081344/tools/bin/../lib/gcc/arm-none-eabi/13.3.1/thumb/v7-m/nofp/crti.o
                0x08002328                _init
 .init          0x0800232c        0x8 D:/installs/STM32CubeIDE_1.19.0/STM32CubeIDE/plugins/com.st.stm32cube.ide.mcu.externaltools.gnu-tools-for-stm32.13.3.rel1.win32_1.0.0.202411081344/tools/bin/../lib/gcc/arm-none-eabi/13.3.1/thumb/v7-m/nofp/crtn.o
 *(.fini)
 .fini          0x08002334        0x4 D:/installs/STM32CubeIDE_1.19.0/STM32CubeIDE/plugins/com.st.stm32cube.ide.mcu.externaltools.gnu-tools-for-stm32.13.3.rel1.win32_1.0.0.202411081344/tools/bin/../lib/gcc/arm-none-eabi/13.3.1/thumb/v7-m/nofp/crti.o
                0x08002334                _fini
 .fini          0x08002338        0x8 D:/installs/STM32CubeIDE_1.19.0/STM32CubeIDE/plugins/com.st.stm32cube.ide.mcu.externaltools.gnu-tools-for-stm32.13.3.rel1.win32_1.0.0.202411081344/tools/bin/../lib/gcc/arm-none-eabi/13.3.1/thumb/v7-m/nofp/crtn.o
                0x08002340                        . = ALIGN (0x4)
                0x08002340                        _etext = .

.vfp11_veneer   0x08002340        0x0
 .vfp11_veneer  0x08002340        0x0 linker stubs

.v4_bx          0x08002340        0x0
 .v4_bx         0x08002340        0x0 linker stubs

.iplt           0x08002340        0x0
 .iplt          0x08002340        0x0 D:/installs/STM32CubeIDE_1.19.0/STM32CubeIDE/plugins/com.st.stm32cube.ide.mcu.externaltools.gnu-tools-for-stm32.13.3.rel1.win32_1.0.0.202411081344/tools/bin/../lib/gcc/arm-none-eabi/13.3.1/thumb/v7-m/nofp/crtbegin.o

.rodata         0x08002340      0xd90
                0x08002340                        . = ALIGN (0x4)
 *(.rodata)
 .rodata        0x08002340        0x6 ./Core/Src/main.o
 *(.rodata*)
 *fill*         0x08002346        0x2 
 .rodata.Font11x18
                0x08002348      0xd5c ./Core/Src/fonts.o
                0x08002348                Font11x18
 .rodata.AHBPrescTable
                0x080030a4       0x10 ./Core/Src/system_stm32f1xx.o
                0x080030a4                AHBPrescTable
 .rodata.APBPrescTable
                0x080030b4        0x8 ./Core/Src/system_stm32f1xx.o
                0x080030b4                APBPrescTable
 .rodata.aPLLMULFactorTable.1
                0x080030bc       0x10 ./Drivers/STM32F1xx_HAL_Driver/Src/stm32f1xx_hal_rcc.o
 .rodata.aPredivFactorTable.0
                0x080030cc        0x2 ./Drivers/STM32F1xx_HAL_Driver/Src/stm32f1xx_hal_rcc.o
                0x080030d0                        . = ALIGN (0x4)
 *fill*         0x080030ce        0x2 

.ARM.extab      0x080030d0        0x0
                0x080030d0                        . = ALIGN (0x4)
 *(.ARM.extab* .gnu.linkonce.armextab.*)
                0x080030d0                        . = ALIGN (0x4)

.ARM            0x080030d0        0x0
                0x080030d0                        . = ALIGN (0x4)
                0x080030d0                        __exidx_start = .
 *(.ARM.exidx*)
                0x080030d0                        __exidx_end = .
                0x080030d0                        . = ALIGN (0x4)

.preinit_array  0x080030d0        0x0
                0x080030d0                        . = ALIGN (0x4)
                0x080030d0                        PROVIDE (__preinit_array_start = .)
 *(.preinit_array*)
                0x080030d0                        PROVIDE (__preinit_array_end = .)
                0x080030d0                        . = ALIGN (0x4)

.init_array     0x080030d0        0x4
                0x080030d0                        . = ALIGN (0x4)
                0x080030d0                        PROVIDE (__init_array_start = .)
 *(SORT_BY_NAME(.init_array.*))
 *(.init_array*)
 .init_array    0x080030d0        0x4 D:/installs/STM32CubeIDE_1.19.0/STM32CubeIDE/plugins/com.st.stm32cube.ide.mcu.externaltools.gnu-tools-for-stm32.13.3.rel1.win32_1.0.0.202411081344/tools/bin/../lib/gcc/arm-none-eabi/13.3.1/thumb/v7-m/nofp/crtbegin.o
                0x080030d4                        PROVIDE (__init_array_end = .)
                0x080030d4                        . = ALIGN (0x4)

.fini_array     0x080030d4        0x4
                0x080030d4                        . = ALIGN (0x4)
                [!provide]                        PROVIDE (__fini_array_start = .)
 *(SORT_BY_NAME(.fini_array.*))
 *(.fini_array*)
 .fini_array    0x080030d4        0x4 D:/installs/STM32CubeIDE_1.19.0/STM32CubeIDE/plugins/com.st.stm32cube.ide.mcu.externaltools.gnu-tools-for-stm32.13.3.rel1.win32_1.0.0.202411081344/tools/bin/../lib/gcc/arm-none-eabi/13.3.1/thumb/v7-m/nofp/crtbegin.o
                [!provide]                        PROVIDE (__fini_array_end = .)
                0x080030d8                        . = ALIGN (0x4)
                0x080030d8                        _sidata = LOADADDR (.data)

.rel.dyn        0x080030d8        0x0
 .rel.iplt      0x080030d8        0x0 D:/installs/STM32CubeIDE_1.19.0/STM32CubeIDE/plugins/com.st.stm32cube.ide.mcu.externaltools.gnu-tools-for-stm32.13.3.rel1.win32_1.0.0.202411081344/tools/bin/../lib/gcc/arm-none-eabi/13.3.1/thumb/v7-m/nofp/crtbegin.o

.data           0x20000000       0x14 load address 0x080030d8
                0x20000000                        . = ALIGN (0x4)
                0x20000000                        _sdata = .
 *(.data)
 *(.data*)
 .data.Font_11x18
                0x20000000        0x8 ./Core/Src/fonts.o
                0x20000000                Font_11x18
 .data.SystemCoreClock
                0x20000008        0x4 ./Core/Src/system_stm32f1xx.o
                0x20000008                SystemCoreClock
 .data.uwTickPrio
                0x2000000c        0x4 ./Drivers/STM32F1xx_HAL_Driver/Src/stm32f1xx_hal.o
                0x2000000c                uwTickPrio
 .data.uwTickFreq
                0x20000010        0x1 ./Drivers/STM32F1xx_HAL_Driver/Src/stm32f1xx_hal.o
                0x20000010                uwTickFreq
 *(.RamFunc)
 *(.RamFunc*)
                0x20000014                        . = ALIGN (0x4)
 *fill*         0x20000011        0x3 
                0x20000014                        _edata = .

.igot.plt       0x20000014        0x0 load address 0x080030ec
 .igot.plt      0x20000014        0x0 D:/installs/STM32CubeIDE_1.19.0/STM32CubeIDE/plugins/com.st.stm32cube.ide.mcu.externaltools.gnu-tools-for-stm32.13.3.rel1.win32_1.0.0.202411081344/tools/bin/../lib/gcc/arm-none-eabi/13.3.1/thumb/v7-m/nofp/crtbegin.o
                0x20000014                        . = ALIGN (0x4)

.bss            0x20000014      0x47c load address 0x080030ec
                0x20000014                        _sbss = .
                0x20000014                        __bss_start__ = _sbss
 *(.bss)
 .bss           0x20000014       0x1c D:/installs/STM32CubeIDE_1.19.0/STM32CubeIDE/plugins/com.st.stm32cube.ide.mcu.externaltools.gnu-tools-for-stm32.13.3.rel1.win32_1.0.0.202411081344/tools/bin/../lib/gcc/arm-none-eabi/13.3.1/thumb/v7-m/nofp/crtbegin.o
 *(.bss*)
 .bss.hi2c1     0x20000030       0x54 ./Core/Src/main.o
                0x20000030                hi2c1
 .bss.SSD1306_Buffer
                0x20000084      0x400 ./Core/Src/ssd1306.o
 .bss.SSD1306   0x20000484        0x6 ./Core/Src/ssd1306.o
 *fill*         0x2000048a        0x2 
 .bss.uwTick    0x2000048c        0x4 ./Drivers/STM32F1xx_HAL_Driver/Src/stm32f1xx_hal.o
                0x2000048c                uwTick
 *(COMMON)
                0x20000490                        . = ALIGN (0x4)
                0x20000490                        _ebss = .
                0x20000490                        __bss_end__ = _ebss

._user_heap_stack
                0x20000490      0x600 load address 0x080030ec
                0x20000490                        . = ALIGN (0x8)
                [!provide]                        PROVIDE (end = .)
                0x20000490                        PROVIDE (_end = .)
                0x20000690                        . = (. + _Min_Heap_Size)
 *fill*         0x20000490      0x200 
                0x20000a90                        . = (. + _Min_Stack_Size)
 *fill*         0x20000690      0x400 
                0x20000a90                        . = ALIGN (0x8)

/DISCARD/
 libc.a(*)
 libm.a(*)
 libgcc.a(*)

.ARM.attributes
                0x00000000       0x29
 *(.ARM.attributes)
 .ARM.attributes
                0x00000000       0x1d D:/installs/STM32CubeIDE_1.19.0/STM32CubeIDE/plugins/com.st.stm32cube.ide.mcu.externaltools.gnu-tools-for-stm32.13.3.rel1.win32_1.0.0.202411081344/tools/bin/../lib/gcc/arm-none-eabi/13.3.1/thumb/v7-m/nofp/crti.o
 .ARM.attributes
                0x0000001d       0x2d D:/installs/STM32CubeIDE_1.19.0/STM32CubeIDE/plugins/com.st.stm32cube.ide.mcu.externaltools.gnu-tools-for-stm32.13.3.rel1.win32_1.0.0.202411081344/tools/bin/../lib/gcc/arm-none-eabi/13.3.1/thumb/v7-m/nofp/crtbegin.o
 .ARM.attributes
                0x0000004a       0x2d ./Core/Src/fonts.o
 .ARM.attributes
                0x00000077       0x2d ./Core/Src/main.o
 .ARM.attributes
                0x000000a4       0x2d ./Core/Src/ssd1306.o
 .ARM.attributes
                0x000000d1       0x2d ./Core/Src/stm32f1xx_hal_msp.o
 .ARM.attributes
                0x000000fe       0x2d ./Core/Src/stm32f1xx_it.o
 .ARM.attributes
                0x0000012b       0x2d ./Core/Src/system_stm32f1xx.o
 .ARM.attributes
                0x00000158       0x21 ./Core/Startup/startup_stm32f103c8tx.o
 .ARM.attributes
                0x00000179       0x2d ./Drivers/STM32F1xx_HAL_Driver/Src/stm32f1xx_hal.o
 .ARM.attributes
                0x000001a6       0x2d ./Drivers/STM32F1xx_HAL_Driver/Src/stm32f1xx_hal_cortex.o
 .ARM.attributes
                0x000001d3       0x2d ./Drivers/STM32F1xx_HAL_Driver/Src/stm32f1xx_hal_gpio.o
 .ARM.attributes
                0x00000200       0x2d ./Drivers/STM32F1xx_HAL_Driver/Src/stm32f1xx_hal_i2c.o
 .ARM.attributes
                0x0000022d       0x2d ./Drivers/STM32F1xx_HAL_Driver/Src/stm32f1xx_hal_rcc.o
 .ARM.attributes
                0x0000025a       0x2d D:/installs/STM32CubeIDE_1.19.0/STM32CubeIDE/plugins/com.st.stm32cube.ide.mcu.externaltools.gnu-tools-for-stm32.13.3.rel1.win32_1.0.0.202411081344/tools/bin/../lib/gcc/arm-none-eabi/13.3.1/../../../../arm-none-eabi/lib/thumb/v7-m/nofp\libc_nano.a(libc_a-memset.o)
 .ARM.attributes
                0x00000287       0x2d D:/installs/STM32CubeIDE_1.19.0/STM32CubeIDE/plugins/com.st.stm32cube.ide.mcu.externaltools.gnu-tools-for-stm32.13.3.rel1.win32_1.0.0.202411081344/tools/bin/../lib/gcc/arm-none-eabi/13.3.1/../../../../arm-none-eabi/lib/thumb/v7-m/nofp\libc_nano.a(libc_a-init.o)
 .ARM.attributes
                0x000002b4       0x1d D:/installs/STM32CubeIDE_1.19.0/STM32CubeIDE/plugins/com.st.stm32cube.ide.mcu.externaltools.gnu-tools-for-stm32.13.3.rel1.win32_1.0.0.202411081344/tools/bin/../lib/gcc/arm-none-eabi/13.3.1/thumb/v7-m/nofp/crtn.o
OUTPUT(oled.elf elf32-littlearm)
LOAD linker stubs
LOAD D:/installs/STM32CubeIDE_1.19.0/STM32CubeIDE/plugins/com.st.stm32cube.ide.mcu.externaltools.gnu-tools-for-stm32.13.3.rel1.win32_1.0.0.202411081344/tools/bin/../lib/gcc/arm-none-eabi/13.3.1/../../../../arm-none-eabi/lib/thumb/v7-m/nofp\libc.a
LOAD D:/installs/STM32CubeIDE_1.19.0/STM32CubeIDE/plugins/com.st.stm32cube.ide.mcu.externaltools.gnu-tools-for-stm32.13.3.rel1.win32_1.0.0.202411081344/tools/bin/../lib/gcc/arm-none-eabi/13.3.1/../../../../arm-none-eabi/lib/thumb/v7-m/nofp\libm.a
LOAD D:/installs/STM32CubeIDE_1.19.0/STM32CubeIDE/plugins/com.st.stm32cube.ide.mcu.externaltools.gnu-tools-for-stm32.13.3.rel1.win32_1.0.0.202411081344/tools/bin/../lib/gcc/arm-none-eabi/13.3.1/thumb/v7-m/nofp\libgcc.a

.debug_info     0x00000000     0x6c46
 .debug_info    0x00000000      0x255 ./Core/Src/fonts.o
 .debug_info    0x00000255      0x9fc ./Core/Src/main.o
 .debug_info    0x00000c51     0x101c ./Core/Src/ssd1306.o
 .debug_info    0x00001c6d      0x845 ./Core/Src/stm32f1xx_hal_msp.o
 .debug_info    0x000024b2      0x113 ./Core/Src/stm32f1xx_it.o
 .debug_info    0x000025c5      0x222 ./Core/Src/system_stm32f1xx.o
 .debug_info    0x000027e7       0x30 ./Core/Startup/startup_stm32f103c8tx.o
 .debug_info    0x00002817      0x704 ./Drivers/STM32F1xx_HAL_Driver/Src/stm32f1xx_hal.o
 .debug_info    0x00002f1b      0xa87 ./Drivers/STM32F1xx_HAL_Driver/Src/stm32f1xx_hal_cortex.o
 .debug_info    0x000039a2      0x5ab ./Drivers/STM32F1xx_HAL_Driver/Src/stm32f1xx_hal_gpio.o
 .debug_info    0x00003f4d     0x2524 ./Drivers/STM32F1xx_HAL_Driver/Src/stm32f1xx_hal_i2c.o
 .debug_info    0x00006471      0x7d5 ./Drivers/STM32F1xx_HAL_Driver/Src/stm32f1xx_hal_rcc.o

.debug_abbrev   0x00000000     0x1600
 .debug_abbrev  0x00000000      0x11c ./Core/Src/fonts.o
 .debug_abbrev  0x0000011c      0x294 ./Core/Src/main.o
 .debug_abbrev  0x000003b0      0x2be ./Core/Src/ssd1306.o
 .debug_abbrev  0x0000066e      0x1a3 ./Core/Src/stm32f1xx_hal_msp.o
 .debug_abbrev  0x00000811       0x73 ./Core/Src/stm32f1xx_it.o
 .debug_abbrev  0x00000884      0x13f ./Core/Src/system_stm32f1xx.o
 .debug_abbrev  0x000009c3       0x24 ./Core/Startup/startup_stm32f103c8tx.o
 .debug_abbrev  0x000009e7      0x201 ./Drivers/STM32F1xx_HAL_Driver/Src/stm32f1xx_hal.o
 .debug_abbrev  0x00000be8      0x2f8 ./Drivers/STM32F1xx_HAL_Driver/Src/stm32f1xx_hal_cortex.o
 .debug_abbrev  0x00000ee0      0x1ca ./Drivers/STM32F1xx_HAL_Driver/Src/stm32f1xx_hal_gpio.o
 .debug_abbrev  0x000010aa      0x2a3 ./Drivers/STM32F1xx_HAL_Driver/Src/stm32f1xx_hal_i2c.o
 .debug_abbrev  0x0000134d      0x2b3 ./Drivers/STM32F1xx_HAL_Driver/Src/stm32f1xx_hal_rcc.o

.debug_aranges  0x00000000      0x7a8
 .debug_aranges
                0x00000000       0x20 ./Core/Src/fonts.o
 .debug_aranges
                0x00000020       0x40 ./Core/Src/main.o
 .debug_aranges
                0x00000060       0xf8 ./Core/Src/ssd1306.o
 .debug_aranges
                0x00000158       0x30 ./Core/Src/stm32f1xx_hal_msp.o
 .debug_aranges
                0x00000188       0x60 ./Core/Src/stm32f1xx_it.o
 .debug_aranges
                0x000001e8       0x28 ./Core/Src/system_stm32f1xx.o
 .debug_aranges
                0x00000210       0x28 ./Core/Startup/startup_stm32f103c8tx.o
 .debug_aranges
                0x00000238       0xe0 ./Drivers/STM32F1xx_HAL_Driver/Src/stm32f1xx_hal.o
 .debug_aranges
                0x00000318      0x100 ./Drivers/STM32F1xx_HAL_Driver/Src/stm32f1xx_hal_cortex.o
 .debug_aranges
                0x00000418       0x58 ./Drivers/STM32F1xx_HAL_Driver/Src/stm32f1xx_hal_gpio.o
 .debug_aranges
                0x00000470      0x2a8 ./Drivers/STM32F1xx_HAL_Driver/Src/stm32f1xx_hal_i2c.o
 .debug_aranges
                0x00000718       0x90 ./Drivers/STM32F1xx_HAL_Driver/Src/stm32f1xx_hal_rcc.o

.debug_rnglists
                0x00000000      0x5da
 .debug_rnglists
                0x00000000       0x13 ./Core/Src/fonts.o
 .debug_rnglists
                0x00000013       0x2b ./Core/Src/main.o
 .debug_rnglists
                0x0000003e       0xc2 ./Core/Src/ssd1306.o
 .debug_rnglists
                0x00000100       0x1f ./Core/Src/stm32f1xx_hal_msp.o
 .debug_rnglists
                0x0000011f       0x43 ./Core/Src/stm32f1xx_it.o
 .debug_rnglists
                0x00000162       0x1a ./Core/Src/system_stm32f1xx.o
 .debug_rnglists
                0x0000017c       0x19 ./Core/Startup/startup_stm32f103c8tx.o
 .debug_rnglists
                0x00000195       0xa3 ./Drivers/STM32F1xx_HAL_Driver/Src/stm32f1xx_hal.o
 .debug_rnglists
                0x00000238       0xbb ./Drivers/STM32F1xx_HAL_Driver/Src/stm32f1xx_hal_cortex.o
 .debug_rnglists
                0x000002f3       0x3f ./Drivers/STM32F1xx_HAL_Driver/Src/stm32f1xx_hal_gpio.o
 .debug_rnglists
                0x00000332      0x23c ./Drivers/STM32F1xx_HAL_Driver/Src/stm32f1xx_hal_i2c.o
 .debug_rnglists
                0x0000056e       0x6c ./Drivers/STM32F1xx_HAL_Driver/Src/stm32f1xx_hal_rcc.o

.debug_macro    0x00000000    0x16f16
 .debug_macro   0x00000000      0x270 ./Core/Src/fonts.o
 .debug_macro   0x00000270      0xacc ./Core/Src/fonts.o
 .debug_macro   0x00000d3c      0x215 ./Core/Src/fonts.o
 .debug_macro   0x00000f51       0x2e ./Core/Src/fonts.o
 .debug_macro   0x00000f7f       0x22 ./Core/Src/fonts.o
 .debug_macro   0x00000fa1       0x22 ./Core/Src/fonts.o
 .debug_macro   0x00000fc3       0x8e ./Core/Src/fonts.o
 .debug_macro   0x00001051       0x51 ./Core/Src/fonts.o
 .debug_macro   0x000010a2      0x103 ./Core/Src/fonts.o
 .debug_macro   0x000011a5       0x6a ./Core/Src/fonts.o
 .debug_macro   0x0000120f      0x1df ./Core/Src/fonts.o
 .debug_macro   0x000013ee       0x1c ./Core/Src/fonts.o
 .debug_macro   0x0000140a       0x22 ./Core/Src/fonts.o
 .debug_macro   0x0000142c       0xbd ./Core/Src/fonts.o
 .debug_macro   0x000014e9      0xd23 ./Core/Src/fonts.o
 .debug_macro   0x0000220c     0xe09e ./Core/Src/fonts.o
 .debug_macro   0x000102aa       0x6d ./Core/Src/fonts.o
 .debug_macro   0x00010317     0x34a2 ./Core/Src/fonts.o
 .debug_macro   0x000137b9      0x190 ./Core/Src/fonts.o
 .debug_macro   0x00013949       0x5c ./Core/Src/fonts.o
 .debug_macro   0x000139a5      0x5bc ./Core/Src/fonts.o
 .debug_macro   0x00013f61      0x289 ./Core/Src/fonts.o
 .debug_macro   0x000141ea      0x1cb ./Core/Src/fonts.o
 .debug_macro   0x000143b5      0x114 ./Core/Src/fonts.o
 .debug_macro   0x000144c9      0x1b2 ./Core/Src/fonts.o
 .debug_macro   0x0001467b       0x27 ./Core/Src/fonts.o
 .debug_macro   0x000146a2      0x136 ./Core/Src/fonts.o
 .debug_macro   0x000147d8      0x1bc ./Core/Src/fonts.o
 .debug_macro   0x00014994       0x34 ./Core/Src/fonts.o
 .debug_macro   0x000149c8       0x3c ./Core/Src/fonts.o
 .debug_macro   0x00014a04       0x57 ./Core/Src/fonts.o
 .debug_macro   0x00014a5b       0x87 ./Core/Src/fonts.o
 .debug_macro   0x00014ae2      0x240 ./Core/Src/fonts.o
 .debug_macro   0x00014d22      0x287 ./Core/Src/fonts.o
 .debug_macro   0x00014fa9      0x140 ./Core/Src/fonts.o
 .debug_macro   0x000150e9       0x83 ./Core/Src/fonts.o
 .debug_macro   0x0001516c       0x61 ./Core/Src/fonts.o
 .debug_macro   0x000151cd       0x24 ./Core/Src/fonts.o
 .debug_macro   0x000151f1       0x43 ./Core/Src/fonts.o
 .debug_macro   0x00015234       0x34 ./Core/Src/fonts.o
 .debug_macro   0x00015268      0x370 ./Core/Src/fonts.o
 .debug_macro   0x000155d8       0x16 ./Core/Src/fonts.o
 .debug_macro   0x000155ee       0x4a ./Core/Src/fonts.o
 .debug_macro   0x00015638       0x34 ./Core/Src/fonts.o
 .debug_macro   0x0001566c       0x10 ./Core/Src/fonts.o
 .debug_macro   0x0001567c       0x58 ./Core/Src/fonts.o
 .debug_macro   0x000156d4       0x8e ./Core/Src/fonts.o
 .debug_macro   0x00015762       0x1c ./Core/Src/fonts.o
 .debug_macro   0x0001577e      0x185 ./Core/Src/fonts.o
 .debug_macro   0x00015903       0x10 ./Core/Src/fonts.o
 .debug_macro   0x00015913       0x3c ./Core/Src/fonts.o
 .debug_macro   0x0001594f       0x20 ./Core/Src/fonts.o
 .debug_macro   0x0001596f      0x309 ./Core/Src/main.o
 .debug_macro   0x00015c78       0x16 ./Core/Src/main.o
 .debug_macro   0x00015c8e       0x10 ./Core/Src/main.o
 .debug_macro   0x00015c9e       0x16 ./Core/Src/main.o
 .debug_macro   0x00015cb4       0x16 ./Core/Src/main.o
 .debug_macro   0x00015cca      0x146 ./Core/Src/main.o
 .debug_macro   0x00015e10       0x16 ./Core/Src/main.o
 .debug_macro   0x00015e26       0x16 ./Core/Src/main.o
 .debug_macro   0x00015e3c       0x16 ./Core/Src/main.o
 .debug_macro   0x00015e52       0x29 ./Core/Src/main.o
 .debug_macro   0x00015e7b       0x53 ./Core/Src/main.o
 .debug_macro   0x00015ece      0x2cb ./Core/Src/ssd1306.o
 .debug_macro   0x00016199      0x198 ./Core/Src/stm32f1xx_hal_msp.o
 .debug_macro   0x00016331      0x1a2 ./Core/Src/stm32f1xx_it.o
 .debug_macro   0x000164d3      0x18e ./Core/Src/system_stm32f1xx.o
 .debug_macro   0x00016661      0x1b2 ./Drivers/STM32F1xx_HAL_Driver/Src/stm32f1xx_hal.o
 .debug_macro   0x00016813      0x18e ./Drivers/STM32F1xx_HAL_Driver/Src/stm32f1xx_hal_cortex.o
 .debug_macro   0x000169a1      0x1f9 ./Drivers/STM32F1xx_HAL_Driver/Src/stm32f1xx_hal_gpio.o
 .debug_macro   0x00016b9a      0x1dc ./Drivers/STM32F1xx_HAL_Driver/Src/stm32f1xx_hal_i2c.o
 .debug_macro   0x00016d76      0x1a0 ./Drivers/STM32F1xx_HAL_Driver/Src/stm32f1xx_hal_rcc.o

.debug_line     0x00000000     0xa100
 .debug_line    0x00000000      0x85e ./Core/Src/fonts.o
 .debug_line    0x0000085e      0x987 ./Core/Src/main.o
 .debug_line    0x000011e5      0xfcd ./Core/Src/ssd1306.o
 .debug_line    0x000021b2      0x72d ./Core/Src/stm32f1xx_hal_msp.o
 .debug_line    0x000028df      0x791 ./Core/Src/stm32f1xx_it.o
 .debug_line    0x00003070      0x761 ./Core/Src/system_stm32f1xx.o
 .debug_line    0x000037d1       0x78 ./Core/Startup/startup_stm32f103c8tx.o
 .debug_line    0x00003849      0x992 ./Drivers/STM32F1xx_HAL_Driver/Src/stm32f1xx_hal.o
 .debug_line    0x000041db      0xb5c ./Drivers/STM32F1xx_HAL_Driver/Src/stm32f1xx_hal_cortex.o
 .debug_line    0x00004d37      0x9ef ./Drivers/STM32F1xx_HAL_Driver/Src/stm32f1xx_hal_gpio.o
 .debug_line    0x00005726     0x3b8f ./Drivers/STM32F1xx_HAL_Driver/Src/stm32f1xx_hal_i2c.o
 .debug_line    0x000092b5      0xe4b ./Drivers/STM32F1xx_HAL_Driver/Src/stm32f1xx_hal_rcc.o

.debug_str      0x00000000    0x824ed
 .debug_str     0x00000000    0x824ed ./Core/Src/fonts.o
                              0x7f8dd (size before relaxing)
 .debug_str     0x000824ed    0x8086c ./Core/Src/main.o
 .debug_str     0x000824ed    0x803bd ./Core/Src/ssd1306.o
 .debug_str     0x000824ed    0x7cbbd ./Core/Src/stm32f1xx_hal_msp.o
 .debug_str     0x000824ed    0x7c6ce ./Core/Src/stm32f1xx_it.o
 .debug_str     0x000824ed    0x7c6e4 ./Core/Src/system_stm32f1xx.o
 .debug_str     0x000824ed       0x6a ./Core/Startup/startup_stm32f103c8tx.o
 .debug_str     0x000824ed    0x7ce17 ./Drivers/STM32F1xx_HAL_Driver/Src/stm32f1xx_hal.o
 .debug_str     0x000824ed    0x7cd63 ./Drivers/STM32F1xx_HAL_Driver/Src/stm32f1xx_hal_cortex.o
 .debug_str     0x000824ed    0x7ca6a ./Drivers/STM32F1xx_HAL_Driver/Src/stm32f1xx_hal_gpio.o
 .debug_str     0x000824ed    0x7d7ab ./Drivers/STM32F1xx_HAL_Driver/Src/stm32f1xx_hal_i2c.o
 .debug_str     0x000824ed    0x7cb13 ./Drivers/STM32F1xx_HAL_Driver/Src/stm32f1xx_hal_rcc.o

.comment        0x00000000       0x43
 .comment       0x00000000       0x43 ./Core/Src/fonts.o
                                 0x44 (size before relaxing)
 .comment       0x00000043       0x44 ./Core/Src/main.o
 .comment       0x00000043       0x44 ./Core/Src/ssd1306.o
 .comment       0x00000043       0x44 ./Core/Src/stm32f1xx_hal_msp.o
 .comment       0x00000043       0x44 ./Core/Src/stm32f1xx_it.o
 .comment       0x00000043       0x44 ./Core/Src/system_stm32f1xx.o
 .comment       0x00000043       0x44 ./Drivers/STM32F1xx_HAL_Driver/Src/stm32f1xx_hal.o
 .comment       0x00000043       0x44 ./Drivers/STM32F1xx_HAL_Driver/Src/stm32f1xx_hal_cortex.o
 .comment       0x00000043       0x44 ./Drivers/STM32F1xx_HAL_Driver/Src/stm32f1xx_hal_gpio.o
 .comment       0x00000043       0x44 ./Drivers/STM32F1xx_HAL_Driver/Src/stm32f1xx_hal_i2c.o
 .comment       0x00000043       0x44 ./Drivers/STM32F1xx_HAL_Driver/Src/stm32f1xx_hal_rcc.o

.debug_frame    0x00000000     0x1e64
 .debug_frame   0x00000000       0x38 ./Core/Src/fonts.o
 .debug_frame   0x00000038       0xac ./Core/Src/main.o
 .debug_frame   0x000000e4      0x414 ./Core/Src/ssd1306.o
 .debug_frame   0x000004f8       0x80 ./Core/Src/stm32f1xx_hal_msp.o
 .debug_frame   0x00000578      0x104 ./Core/Src/stm32f1xx_it.o
 .debug_frame   0x0000067c       0x58 ./Core/Src/system_stm32f1xx.o
 .debug_frame   0x000006d4      0x334 ./Drivers/STM32F1xx_HAL_Driver/Src/stm32f1xx_hal.o
 .debug_frame   0x00000a08      0x428 ./Drivers/STM32F1xx_HAL_Driver/Src/stm32f1xx_hal_cortex.o
 .debug_frame   0x00000e30      0x14c ./Drivers/STM32F1xx_HAL_Driver/Src/stm32f1xx_hal_gpio.o
 .debug_frame   0x00000f7c      0xc84 ./Drivers/STM32F1xx_HAL_Driver/Src/stm32f1xx_hal_i2c.o
 .debug_frame   0x00001c00      0x218 ./Drivers/STM32F1xx_HAL_Driver/Src/stm32f1xx_hal_rcc.o
 .debug_frame   0x00001e18       0x20 D:/installs/STM32CubeIDE_1.19.0/STM32CubeIDE/plugins/com.st.stm32cube.ide.mcu.externaltools.gnu-tools-for-stm32.13.3.rel1.win32_1.0.0.202411081344/tools/bin/../lib/gcc/arm-none-eabi/13.3.1/../../../../arm-none-eabi/lib/thumb/v7-m/nofp\libc_nano.a(libc_a-memset.o)
 .debug_frame   0x00001e38       0x2c D:/installs/STM32CubeIDE_1.19.0/STM32CubeIDE/plugins/com.st.stm32cube.ide.mcu.externaltools.gnu-tools-for-stm32.13.3.rel1.win32_1.0.0.202411081344/tools/bin/../lib/gcc/arm-none-eabi/13.3.1/../../../../arm-none-eabi/lib/thumb/v7-m/nofp\libc_nano.a(libc_a-init.o)

.debug_line_str
                0x00000000       0x4e
 .debug_line_str
                0x00000000       0x4e ./Core/Startup/startup_stm32f103c8tx.o
