../Core/Src/main.c:37:5:main	8	static
../Core/Src/main.c:74:6:printu	16	static
../Core/Src/main.c:80:6:I2C_Recover	8	static
../Core/Src/main.c:88:9:MPU6050_Detect	72	static
../Core/Src/main.c:109:6:MPU6050_Init	32	static
../Core/Src/main.c:119:6:MPU6050_Calibrate	72	static
../Core/Src/main.c:167:6:MPU6050_Read	304	static
../Core/Src/main.c:207:6:SystemClock_Config	72	static
../Core/Src/main.c:229:13:MX_I2C1_Init	8	static
../Core/Src/main.c:238:13:MX_USART1_UART_Init	8	static
../Core/Src/main.c:249:13:MX_GPIO_Init	16	static
../Core/Src/main.c:256:6:Error_Handler	4	static,ignoring_inline_asm
