2026-01-09 00:04:38,259 [INFO] Gpio:278 - dependency for GPIO [RCC, SYS]
2026-01-09 00:04:41,780 [INFO] Gpio:278 - dependency for GPIO [RCC, SYS]
2026-01-09 00:05:45,404 [INFO] UtilMem:75 - End SaveConfig() Used Memory: 809120520 Bytes (1073741824)
2026-01-09 00:05:45,479 [INFO] UtilMem:75 - End SaveConfig() Used Memory: 822935568 Bytes (1073741824)
2026-01-09 00:05:46,587 [INFO] UtilMem:75 - End SaveConfig() Used Memory: 885664520 Bytes (1073741824)
2026-01-09 00:05:47,064 [INFO] BlockDiagram:2775 - set Specific Code input for plugin: SPI
2026-01-09 00:05:47,064 [INFO] BlockDiagram:2775 - set Specific Code input for plugin: NVIC
2026-01-09 00:05:47,064 [INFO] BlockDiagram:2775 - set Specific Code input for plugin: SYS
2026-01-09 00:05:47,064 [INFO] BlockDiagram:2775 - set Specific Code input for plugin: GPIO
2026-01-09 00:05:47,064 [INFO] BlockDiagram:2775 - set Specific Code input for plugin: RCC
2026-01-09 00:05:47,065 [INFO] CodeGenerator:892 - code generatio: config db path: D:\installs\STM32CubeIDE_1.19.0\STM32CubeIDE\plugins\com.st.stm32cube.common.mx_6.15.0.202507011659\\db\
2026-01-09 00:05:47,304 [INFO] CodeEngine:265 - oldGeneratedFile, D:\projects\stm32_cube_ide\LoRa_stm_v3\MXTmpFiles\license.tmp_save
2026-01-09 00:05:47,507 [INFO] CodeEngine:289 - Generated code: D:\projects\stm32_cube_ide\LoRa_stm_v3\MXTmpFiles\license.tmp
2026-01-09 00:05:47,539 [INFO] CodeEngine:265 - oldGeneratedFile, D:\projects\stm32_cube_ide\LoRa_stm_v3\MXTmpFiles\gpio.tmp_save
2026-01-09 00:05:47,660 [INFO] CodeEngine:289 - Generated code: D:\projects\stm32_cube_ide\LoRa_stm_v3\MXTmpFiles\gpio.tmp
2026-01-09 00:05:47,696 [INFO] CodeEngine:265 - oldGeneratedFile, D:\projects\stm32_cube_ide\LoRa_stm_v3\Core\Src\stm32f1xx_it.c_save
2026-01-09 00:05:47,966 [INFO] CodeEngine:289 - Generated code: D:\projects\stm32_cube_ide\LoRa_stm_v3\Core\Src\stm32f1xx_it.c
2026-01-09 00:05:47,970 [INFO] CodeEngine:265 - oldGeneratedFile, D:\projects\stm32_cube_ide\LoRa_stm_v3\Core\Inc\stm32f1xx_it.h_save
2026-01-09 00:05:48,047 [INFO] CodeEngine:289 - Generated code: D:\projects\stm32_cube_ide\LoRa_stm_v3\Core\Inc\stm32f1xx_it.h
2026-01-09 00:05:48,056 [INFO] CodeEngine:265 - oldGeneratedFile, D:\projects\stm32_cube_ide\LoRa_stm_v3\Core\Src\stm32f1xx_hal_msp.c_save
2026-01-09 00:05:48,195 [INFO] CodeEngine:289 - Generated code: D:\projects\stm32_cube_ide\LoRa_stm_v3\Core\Src\stm32f1xx_hal_msp.c
2026-01-09 00:05:48,198 [INFO] CodeEngine:265 - oldGeneratedFile, D:\projects\stm32_cube_ide\LoRa_stm_v3\MXTmpFiles\system.tmp_save
2026-01-09 00:05:48,267 [INFO] CodeEngine:289 - Generated code: D:\projects\stm32_cube_ide\LoRa_stm_v3\MXTmpFiles\system.tmp
2026-01-09 00:05:48,274 [INFO] CodeEngine:321 - oldGeneratedFile, D:\projects\stm32_cube_ide\LoRa_stm_v3\Core\Inc\stm32f1xx_hal_conf.h_save
2026-01-09 00:05:48,339 [INFO] CodeEngine:345 - Generated code: D:\projects\stm32_cube_ide\LoRa_stm_v3\Core\Inc\stm32f1xx_hal_conf.h
2026-01-09 00:05:48,356 [INFO] ApiDbMcu:532 - Load IP Config File for SPI1
2026-01-09 00:05:48,362 [INFO] CodeEngine:265 - oldGeneratedFile, D:\projects\stm32_cube_ide\LoRa_stm_v3\Core\Inc\main.h_save
2026-01-09 00:05:48,447 [INFO] CodeEngine:289 - Generated code: D:\projects\stm32_cube_ide\LoRa_stm_v3\Core\Inc\main.h
2026-01-09 00:05:48,453 [INFO] CodeEngine:265 - oldGeneratedFile, D:\projects\stm32_cube_ide\LoRa_stm_v3\Core\Src\main.c_save
2026-01-09 00:05:48,545 [INFO] CodeEngine:289 - Generated code: D:\projects\stm32_cube_ide\LoRa_stm_v3\Core\Src\main.c
2026-01-09 00:05:48,831 [INFO] ProjectBuilder:3606 - Time for Copy HAL[1] : 108mS.
2026-01-09 00:05:48,834 [INFO] ProjectBuilder:5216 - Project Generator version: 4.7.0-B52
2026-01-09 00:05:48,917 [INFO] ConfigFileManager:1595 - The Die is : DIE410
2026-01-09 00:05:49,706 [INFO] ProjectBuilder:5496 - Time for Generating toolchain IDE Files: 872mS.
2026-01-09 00:05:49,707 [INFO] ProjectBuilder:3463 - Time for Copy CMSIS : 0mS.
2026-01-09 00:05:49,709 [INFO] ProjectBuilder:3463 - Time for Copy CMSIS : 0mS.
2026-01-09 00:05:50,107 [INFO] MainUpdater:2872 - connection check result : 10
2026-01-09 00:05:50,107 [INFO] MainUpdater:2872 - connection check result : 10
2026-01-09 00:05:50,188 [INFO] MicroXplorer:468 - Change Database Path : 
2026-01-09 00:05:50,188 [INFO] MicroXplorer:498 - Change Database Version : DB.6.0.150
2026-01-09 00:05:50,201 [ERROR] ProjectManagerView:395 - 
java.lang.NullPointerException: Cannot invoke "javax.swing.JTextField.getText()" because the return value of "java.util.List.get(int)" is null
	at com.st.microxplorer.plugins.projectmanager.gui.ProjectChoiceTab$9.caretUpdate(ProjectChoiceTab.java:2706) ~[filemanager.jar:?]
	at javax.swing.text.JTextComponent.fireCaretUpdate(JTextComponent.java:408) ~[?:?]
	at javax.swing.text.JTextComponent$MutableCaretEvent.fire(JTextComponent.java:4484) ~[?:?]
	at javax.swing.text.JTextComponent$MutableCaretEvent.stateChanged(JTextComponent.java:4506) ~[?:?]
	at javax.swing.text.DefaultCaret.fireStateChanged(DefaultCaret.java:857) ~[?:?]
	at javax.swing.text.DefaultCaret.changeCaretPosition(DefaultCaret.java:1343) ~[?:?]
	at javax.swing.text.DefaultCaret.handleSetDot(DefaultCaret.java:1242) ~[?:?]
	at javax.swing.text.DefaultCaret.setDot(DefaultCaret.java:1223) ~[?:?]
	at javax.swing.text.DefaultCaret$Handler.insertUpdate(DefaultCaret.java:1819) ~[?:?]
	at javax.swing.text.AbstractDocument.fireInsertUpdate(AbstractDocument.java:227) ~[?:?]
	at javax.swing.text.AbstractDocument.handleInsertString(AbstractDocument.java:781) ~[?:?]
	at javax.swing.text.AbstractDocument.insertString(AbstractDocument.java:740) ~[?:?]
	at javax.swing.text.PlainDocument.insertString(PlainDocument.java:131) ~[?:?]
	at javax.swing.text.AbstractDocument.replace(AbstractDocument.java:699) ~[?:?]
	at javax.swing.text.JTextComponent.setText(JTextComponent.java:1725) ~[?:?]
	at com.st.microxplorer.plugins.projectmanager.gui.ProjectChoiceTab.createHeapStackFields(ProjectChoiceTab.java:993) ~[filemanager.jar:?]
	at com.st.microxplorer.plugins.projectmanager.gui.ProjectChoiceTab.buildLinkSettingsPanel(ProjectChoiceTab.java:3813) ~[filemanager.jar:?]
	at com.st.microxplorer.plugins.projectmanager.gui.ProjectChoiceTab.defineWindowsFields(ProjectChoiceTab.java:1987) ~[filemanager.jar:?]
	at com.st.microxplorer.plugins.projectmanager.gui.ProjectChoiceTab.updateSettings(ProjectChoiceTab.java:558) ~[filemanager.jar:?]
	at com.st.microxplorer.plugins.projectmanager.gui.ProjectSettingsPanel.UpdateDialog(ProjectSettingsPanel.java:247) ~[filemanager.jar:?]
	at com.st.microxplorer.plugins.projectmanager.ProjectManagerView.propertyChange(ProjectManagerView.java:392) ~[filemanager.jar:?]
	at java.beans.PropertyChangeSupport.fire(PropertyChangeSupport.java:343) ~[?:?]
	at java.beans.PropertyChangeSupport.firePropertyChange(PropertyChangeSupport.java:335) ~[?:?]
	at java.beans.PropertyChangeSupport.firePropertyChange(PropertyChangeSupport.java:268) ~[?:?]
	at com.st.microxplorer.util.MXPropertyChangeSupport.firePropertyChange(MXPropertyChangeSupport.java:54) ~[STM32CubeMX.jar:?]
	at com.st.microxplorer.mxsystem.MxSystem.closeConfig(MxSystem.java:899) ~[STM32CubeMX.jar:?]
	at com.st.microxplorer.maingui.MainPanel.closeConfig(MainPanel.java:792) ~[STM32CubeMX.jar:?]
	at com.st.microxplorer.plugins.filemanager.engine.OpenFileManager.loadConfigurationFile(OpenFileManager.java:288) ~[filemanager.jar:?]
	at com.st.microxplorer.plugins.filemanager.engine.MainFileManager.userLoadConfig(MainFileManager.java:364) ~[filemanager.jar:?]
	at com.st.microxplorer.plugins.filemanager.engine.MainFileManager.userLoadConfig(MainFileManager.java:342) ~[filemanager.jar:?]
	at com.st.microxplorer.plugins.filemanager.FileManagerView.getSpecificTask(FileManagerView.java:264) ~[filemanager.jar:?]
	at com.st.stm32cube.common.mx.editor.CubeMxEditor.getMxTabbedPaneInstance(CubeMxEditor.java:1198) ~[com.st.stm32cube.common.mx_6.15.0.202507011659/:?]
	at com.st.stm32cube.common.mx.editor.CubeMxEditor$12$1.createSwingComponent(CubeMxEditor.java:1068) ~[com.st.stm32cube.common.mx_6.15.0.202507011659/:?]
	at com.st.stm32cube.common.mx.oss.core.awtswtbridge.EmbeddedSwingComposite.doComponentCreation(EmbeddedSwingComposite.java:492) ~[com.st.stm32cube.common.mx.oss_6.15.0.202507011659/:?]
	at com.st.stm32cube.common.mx.oss.core.awtswtbridge.EmbeddedSwingComposite$4.run(EmbeddedSwingComposite.java:291) ~[com.st.stm32cube.common.mx.oss_6.15.0.202507011659/:?]
	at com.st.stm32cube.common.mx.oss.core.awtswtbridge.AwtEnvironment$2.run(AwtEnvironment.java:166) ~[com.st.stm32cube.common.mx.oss_6.15.0.202507011659/:?]
	at java.awt.event.InvocationEvent.dispatch(InvocationEvent.java:318) ~[?:?]
	at java.awt.EventQueue.dispatchEventImpl(EventQueue.java:773) ~[?:?]
	at java.awt.EventQueue$4.run(EventQueue.java:720) ~[?:?]
	at java.awt.EventQueue$4.run(EventQueue.java:714) ~[?:?]
	at java.security.AccessController.doPrivileged(AccessController.java:400) ~[?:?]
	at java.security.ProtectionDomain$JavaSecurityAccessImpl.doIntersectionPrivilege(ProtectionDomain.java:87) ~[?:?]
	at java.awt.EventQueue.dispatchEvent(EventQueue.java:742) ~[?:?]
	at java.awt.EventDispatchThread.pumpOneEventForFilters(EventDispatchThread.java:203) ~[?:?]
	at java.awt.EventDispatchThread.pumpEventsForFilter(EventDispatchThread.java:124) ~[?:?]
	at java.awt.EventDispatchThread.pumpEventsForHierarchy(EventDispatchThread.java:113) ~[?:?]
	at java.awt.EventDispatchThread.pumpEvents(EventDispatchThread.java:109) ~[?:?]
	at java.awt.EventDispatchThread.pumpEvents(EventDispatchThread.java:101) ~[?:?]
	at java.awt.EventDispatchThread.run(EventDispatchThread.java:90) ~[?:?]
2026-01-09 00:05:50,204 [WARN] ThirdParty:871 - waiting for thirdparty lock release [close project]
2026-01-09 00:05:50,204 [INFO] ThirdParty:873 - entering critical section [close project]
2026-01-09 00:05:50,204 [INFO] ThirdParty:883 - exiting critical section [close project]
2026-01-09 00:05:50,205 [INFO] PinOutPanel:1589 - setPackage(No Configuration,No Configuration)
2026-01-09 00:05:50,209 [INFO] UtilMem:75 - Begin LoadConfig() Used Memory: 877400776 Bytes (1073741824)
2026-01-09 00:05:50,209 [INFO] MicroXplorer:468 - Change Database Path : 
2026-01-09 00:05:50,209 [INFO] MicroXplorer:498 - Change Database Version : DB.6.0.150
2026-01-09 00:05:50,209 [INFO] OpenFileManager:355 - Change cursor
2026-01-09 00:05:50,227 [INFO] RulesReader:64 - Compatibility file has been processed (317 Rules)
2026-01-09 00:05:50,230 [INFO] Mcu:2029 - Initializing MCU STM32F103C(8-B)Tx STM32F103C8Tx STM32F103C8T6
2026-01-09 00:05:50,674 [INFO] Context:786 - Trying to add GPIOservice into a context  which must be forbidden
2026-01-09 00:05:50,809 [INFO] ImportTextPane:234 - (OptionalMessage_ERROR) Pin13 (VP_RIF_VS_RIF1) cannot be retrieved for this MCU
2026-01-09 00:05:50,847 [INFO] RtosManager:558 - Registered RTOS mode: class=CMSIS, group=RTOS, mode=CMSIS_V1, owner=FREERTOS
2026-01-09 00:05:50,847 [INFO] RtosManager:558 - Registered RTOS mode: class=CMSIS, group=RTOS2, mode=CMSIS_V2, owner=FREERTOS
2026-01-09 00:05:50,848 [INFO] RtosManager:558 - Registered RTOS mode: class=RTOS, group=Core, mode=CMSIS_V1, owner=FREERTOS
2026-01-09 00:05:50,848 [INFO] RtosManager:558 - Registered RTOS mode: class=RTOS, group=Core, mode=CMSIS_V2, owner=FREERTOS
2026-01-09 00:05:50,848 [WARN] ModelIntegratedComponent:184 - Missing modes for component STMicroelectronics:FreeRTOS:0.0.1:STMicroelectronics:RTOS:FreeRTOS:Core:::10.2.0:
2026-01-09 00:05:50,857 [WARN] ModelIntegratedComponent:63 - No mode defined for component null
2026-01-09 00:05:50,858 [WARN] ModelIntegratedComponent:63 - No mode defined for component null
2026-01-09 00:05:50,858 [WARN] ModelIntegratedComponent:63 - No mode defined for component null
2026-01-09 00:05:50,858 [WARN] ModelIntegratedComponent:63 - No mode defined for component null
2026-01-09 00:05:50,860 [WARN] ModelIntegratedComponent:63 - No mode defined for component null
2026-01-09 00:05:50,860 [WARN] ModelIntegratedComponent:63 - No mode defined for component null
2026-01-09 00:05:50,860 [WARN] ModelIntegratedComponent:63 - No mode defined for component null
2026-01-09 00:05:50,860 [WARN] ModelIntegratedComponent:63 - No mode defined for component null
2026-01-09 00:05:50,860 [WARN] ModelIntegratedComponent:63 - No mode defined for component null
2026-01-09 00:05:50,860 [WARN] ModelIntegratedComponent:63 - No mode defined for component null
2026-01-09 00:05:50,860 [WARN] ModelIntegratedComponent:63 - No mode defined for component null
2026-01-09 00:05:50,860 [WARN] ModelIntegratedComponent:63 - No mode defined for component null
2026-01-09 00:05:50,860 [WARN] ModelIntegratedComponent:63 - No mode defined for component null
2026-01-09 00:05:50,860 [WARN] ModelIntegratedComponent:63 - No mode defined for component null
2026-01-09 00:05:50,860 [WARN] ModelIntegratedComponent:63 - No mode defined for component null
2026-01-09 00:05:50,860 [WARN] ModelIntegratedComponent:63 - No mode defined for component null
2026-01-09 00:05:50,860 [WARN] ModelIntegratedComponent:63 - No mode defined for component null
2026-01-09 00:05:50,860 [WARN] ModelIntegratedComponent:63 - No mode defined for component null
2026-01-09 00:05:50,860 [WARN] ModelIntegratedComponent:63 - No mode defined for component null
2026-01-09 00:05:50,860 [WARN] ModelIntegratedComponent:63 - No mode defined for component null
2026-01-09 00:05:50,860 [WARN] ModelIntegratedComponent:63 - No mode defined for component null
2026-01-09 00:05:50,860 [WARN] ModelIntegratedComponent:63 - No mode defined for component null
2026-01-09 00:05:50,860 [WARN] ModelIntegratedComponent:63 - No mode defined for component null
2026-01-09 00:05:50,860 [WARN] ModelIntegratedComponent:63 - No mode defined for component null
2026-01-09 00:05:50,861 [WARN] ModelIntegratedComponent:63 - No mode defined for component null
2026-01-09 00:05:50,861 [WARN] ModelIntegratedComponent:63 - No mode defined for component null
2026-01-09 00:05:50,861 [WARN] ModelIntegratedComponent:63 - No mode defined for component null
2026-01-09 00:05:50,861 [WARN] ModelIntegratedComponent:63 - No mode defined for component null
2026-01-09 00:05:50,861 [WARN] ModelIntegratedComponent:63 - No mode defined for component null
2026-01-09 00:05:50,861 [WARN] ModelIntegratedComponent:63 - No mode defined for component null
2026-01-09 00:05:50,861 [WARN] ModelIntegratedComponent:63 - No mode defined for component null
2026-01-09 00:05:50,861 [WARN] ModelIntegratedComponent:63 - No mode defined for component null
2026-01-09 00:05:50,861 [WARN] ModelIntegratedComponent:63 - No mode defined for component null
2026-01-09 00:05:50,861 [WARN] ModelIntegratedComponent:63 - No mode defined for component null
2026-01-09 00:05:50,861 [WARN] ModelIntegratedComponent:63 - No mode defined for component null
2026-01-09 00:05:50,861 [WARN] ModelPack:524 - Component already loaded: STMicroelectronics:HAL Drivers:0.0.0:STMicroelectronics:Device:STMicro_Driver:XSPI:HAL::0.0.1:HAL_XSPI
2026-01-09 00:05:51,289 [INFO] ThirdPartyModel:298 - Start build external matchings
2026-01-09 00:05:52,899 [INFO] ThirdPartyModel:316 - End build external matchings
2026-01-09 00:05:52,918 [INFO] ImportTextPane:234 - (OptionalMessage_ERROR) IP (RCC) : Parameter (ADCFreqValue) has invalid value (36000000)
2026-01-09 00:05:52,919 [INFO] ImportTextPane:234 - (OptionalMessage_ERROR) IP (RCC) : Invalid parameter (FamilyName)
2026-01-09 00:05:52,919 [INFO] ImportTextPane:234 - (OptionalMessage_ERROR) IP (RCC) : Parameter (MCOFreq_Value) has invalid value (72000000)
2026-01-09 00:05:52,919 [INFO] ImportTextPane:234 - (OptionalMessage_ERROR) IP (RCC) : Parameter (USBFreq_Value) has invalid value (72000000)
2026-01-09 00:05:53,087 [INFO] UtilMem:75 - End LoadConfig() Used Memory: 975295008 Bytes (1073741824)
2026-01-09 00:05:53,139 [WARN] ThirdParty:833 - waiting for thirdparty lock release [change project]
2026-01-09 00:05:53,139 [INFO] ThirdParty:835 - entering critical section [change project]
2026-01-09 00:05:53,139 [INFO] ThirdParty:1030 - CMSIS Pack Vendor :STMicroelectronics X-CUBE-PM33A1 1.0.0
2026-01-09 00:05:53,139 [INFO] ThirdParty:1030 - CMSIS Pack Vendor :STMicroelectronics USBPD 4.1
2026-01-09 00:05:53,139 [INFO] ThirdParty:1030 - CMSIS Pack Vendor :STMicroelectronics USB_HOST 2.0.0
2026-01-09 00:05:53,139 [INFO] ThirdParty:1030 - CMSIS Pack Vendor :STMicroelectronics FP-SNS-MOTENVWB1 1.4.0
2026-01-09 00:05:53,139 [INFO] ThirdParty:1030 - CMSIS Pack Vendor :STMicroelectronics X-CUBE-AZRTOS-F4 1.1.0
2026-01-09 00:05:53,139 [INFO] ThirdParty:1030 - CMSIS Pack Vendor :STMicroelectronics LIBJPEG 8.0.0
2026-01-09 00:05:53,139 [INFO] ThirdParty:1030 - CMSIS Pack Vendor :STMicroelectronics FP-ATR-ASTRA1 2.0.2
2026-01-09 00:05:53,139 [INFO] ThirdParty:1030 - CMSIS Pack Vendor :STMicroelectronics X-CUBE-SMBUS 2.1.0
2026-01-09 00:05:53,139 [INFO] ThirdParty:1030 - CMSIS Pack Vendor :STMicroelectronics X-CUBE-WB05N 1.1.0
2026-01-09 00:05:53,139 [INFO] ThirdParty:1030 - CMSIS Pack Vendor :STMicroelectronics X-CUBE-ISPU 2.1.0
2026-01-09 00:05:53,139 [INFO] ThirdParty:1030 - CMSIS Pack Vendor :STMicroelectronics X-CUBE-IPS 3.2.0
2026-01-09 00:05:53,139 [INFO] ThirdParty:1030 - CMSIS Pack Vendor :STMicroelectronics X-CUBE-NFC12 1.0.0
2026-01-09 00:05:53,139 [INFO] ThirdParty:1030 - CMSIS Pack Vendor :STMicroelectronics X-CUBE-AZRTOS-F7 1.1.0
2026-01-09 00:05:53,139 [INFO] ThirdParty:1030 - CMSIS Pack Vendor :STMicroelectronics X-CUBE-AZRTOS-L5 2.0.0
2026-01-09 00:05:53,139 [INFO] ThirdParty:1030 - CMSIS Pack Vendor :STMicroelectronics USB_DEVICE 2.0.0
2026-01-09 00:05:53,140 [INFO] ThirdParty:1030 - CMSIS Pack Vendor :STMicroelectronics X-CUBE-NFC6 3.1.0
2026-01-09 00:05:53,140 [INFO] ThirdParty:1030 - CMSIS Pack Vendor :STMicroelectronics FP-SNS-MOTENV1 5.1.0
2026-01-09 00:05:53,140 [INFO] ThirdParty:1030 - CMSIS Pack Vendor :STMicroelectronics FreeRTOS 0.0.1
2026-01-09 00:05:53,140 [INFO] ThirdParty:1030 - CMSIS Pack Vendor :STMicroelectronics X-CUBE-DPower 1.2.0
2026-01-09 00:05:53,140 [INFO] ThirdParty:1030 - CMSIS Pack Vendor :Infineon AIROC-Wi-Fi-Bluetooth-STM32 1.7.0
2026-01-09 00:05:53,140 [INFO] ThirdParty:1030 - CMSIS Pack Vendor :STMicroelectronics PDM2PCM 3.3.0
2026-01-09 00:05:53,140 [INFO] ThirdParty:1030 - CMSIS Pack Vendor :STMicroelectronics X-CUBE-AZRTOS-H7 3.4.0
2026-01-09 00:05:53,140 [INFO] ThirdParty:1030 - CMSIS Pack Vendor :STMicroelectronics X-CUBE-DISPLAY 3.0.0
2026-01-09 00:05:53,140 [INFO] ThirdParty:1030 - CMSIS Pack Vendor :STMicroelectronics X-CUBE-NFC10 1.0.0
2026-01-09 00:05:53,140 [INFO] ThirdParty:1030 - CMSIS Pack Vendor :STMicroelectronics X-CUBE-BLEMGR 4.0.0
2026-01-09 00:05:53,140 [INFO] ThirdParty:1030 - CMSIS Pack Vendor :STMicroelectronics HAL Drivers 0.0.0
2026-01-09 00:05:53,140 [INFO] ThirdParty:1030 - CMSIS Pack Vendor :STMicroelectronics X-CUBE-ST60 1.1.0
2026-01-09 00:05:53,140 [INFO] ThirdParty:1030 - CMSIS Pack Vendor :emotas I-CUBE-CANOPEN 1.3.0
2026-01-09 00:05:53,140 [INFO] ThirdParty:1030 - CMSIS Pack Vendor :STMicroelectronics X-CUBE-FREERTOS 1.3.0
2026-01-09 00:05:53,140 [INFO] ThirdParty:1030 - CMSIS Pack Vendor :STMicroelectronics X-CUBE-NFC7 1.0.1
2026-01-09 00:05:53,140 [INFO] ThirdParty:1030 - CMSIS Pack Vendor :STMicroelectronics MBEDTLS 2.14.1
2026-01-09 00:05:53,141 [INFO] ThirdParty:1030 - CMSIS Pack Vendor :STMicroelectronics X-CUBE-GNSS1 7.1.0
2026-01-09 00:05:53,141 [INFO] ThirdParty:1030 - CMSIS Pack Vendor :STMicroelectronics X-CUBE-TOUCHGFX 4.26.0
2026-01-09 00:05:53,141 [INFO] ThirdParty:1030 - CMSIS Pack Vendor :quantropi X-CUBE-qispace-sdk-base 2.0.0
2026-01-09 00:05:53,141 [INFO] ThirdParty:1030 - CMSIS Pack Vendor :STMicroelectronics X-CUBE-AI 10.0.0
2026-01-09 00:05:53,141 [INFO] ThirdParty:1030 - CMSIS Pack Vendor :STMicroelectronics FP-SNS-STBOX1 2.1.0
2026-01-09 00:05:53,141 [INFO] ThirdParty:1030 - CMSIS Pack Vendor :STMicroelectronics FP-SNS-STAIOTCFT 1.0.0
2026-01-09 00:05:53,141 [INFO] ThirdParty:1030 - CMSIS Pack Vendor :STMicroelectronics FP-SNS-SMARTAG2 1.2.0
2026-01-09 00:05:53,141 [INFO] ThirdParty:1030 - CMSIS Pack Vendor :STMicroelectronics FP-SNS-FLIGHT1 5.1.0
2026-01-09 00:05:53,141 [INFO] ThirdParty:1030 - CMSIS Pack Vendor :STMicroelectronics X-CUBE-MEMS1 11.1.0
2026-01-09 00:05:53,141 [INFO] ThirdParty:1030 - CMSIS Pack Vendor :STMicroelectronics X-CUBE-AZRTOS-WL 2.0.0
2026-01-09 00:05:53,141 [INFO] ThirdParty:1030 - CMSIS Pack Vendor :STMicroelectronics X-CUBE-DPower 1.3.0
2026-01-09 00:05:53,141 [INFO] ThirdParty:1030 - CMSIS Pack Vendor :STMicroelectronics FP-SNS-MOTENV1 5.0.0
2026-01-09 00:05:53,141 [INFO] ThirdParty:1030 - CMSIS Pack Vendor :STMicroelectronics USB_DEVICE 1.0.0
2026-01-09 00:05:53,141 [INFO] ThirdParty:1030 - CMSIS Pack Vendor :STMicroelectronics X-CUBE-AZRTOS-H7RS 1.2.0
2026-01-09 00:05:53,141 [INFO] ThirdParty:1030 - CMSIS Pack Vendor :STMicroelectronics X-CUBE-AZRTOS-L4 2.0.0
2026-01-09 00:05:53,141 [INFO] ThirdParty:1030 - CMSIS Pack Vendor :STMicroelectronics ThreadX 0.0.2
2026-01-09 00:05:53,141 [INFO] ThirdParty:1030 - CMSIS Pack Vendor :WES I-CUBE-Cesium 1.3.0
2026-01-09 00:05:53,141 [INFO] ThirdParty:1030 - CMSIS Pack Vendor :STMicroelectronics lwIP 2.1.2
2026-01-09 00:05:53,142 [INFO] ThirdParty:1030 - CMSIS Pack Vendor :STMicroelectronics X-CUBE-SFXS2LP1 4.0.0
2026-01-09 00:05:53,142 [INFO] ThirdParty:1030 - CMSIS Pack Vendor :STMicroelectronics X-CUBE-BLE2 3.3.0
2026-01-09 00:05:53,142 [INFO] ThirdParty:1030 - CMSIS Pack Vendor :Avnet-IOTCONNECT X-CUBE-iotc-st67-sdk 1.0.0
2026-01-09 00:05:53,142 [INFO] ThirdParty:1030 - CMSIS Pack Vendor :STMicroelectronics PDM2PCM 3.2.0
2026-01-09 00:05:53,142 [INFO] ThirdParty:1030 - CMSIS Pack Vendor :STMicroelectronics X-CUBE-AZRTOS-H7 3.3.0
2026-01-09 00:05:53,142 [INFO] ThirdParty:1030 - CMSIS Pack Vendor :STMicroelectronics X-CUBE-NFC9 1.0.0
2026-01-09 00:05:53,142 [INFO] ThirdParty:1030 - CMSIS Pack Vendor :STMicroelectronics X-CUBE-BLE1 7.1.0
2026-01-09 00:05:53,142 [INFO] ThirdParty:1030 - CMSIS Pack Vendor :wolfSSL I-CUBE-wolfMQTT 1.19.2
2026-01-09 00:05:53,142 [INFO] ThirdParty:1030 - CMSIS Pack Vendor :STMicroelectronics USB_DEVICE 3.0.0
2026-01-09 00:05:53,142 [INFO] ThirdParty:1030 - CMSIS Pack Vendor :STMicroelectronics X-CUBE-FREERTOS 1.4.0
2026-01-09 00:05:53,142 [INFO] ThirdParty:1030 - CMSIS Pack Vendor :STMicroelectronics X-CUBE-EEPRMA1 5.2.0
2026-01-09 00:05:53,142 [INFO] ThirdParty:1030 - CMSIS Pack Vendor :STMicroelectronics X-CUBE-BLEMGR 4.1.0
2026-01-09 00:05:53,142 [INFO] ThirdParty:1030 - CMSIS Pack Vendor :STMicroelectronics X-CUBE-AZRTOS-WB 2.0.0
2026-01-09 00:05:53,142 [INFO] ThirdParty:1030 - CMSIS Pack Vendor :STMicroelectronics X-CUBE-GNSS1 7.0.1
2026-01-09 00:05:53,142 [INFO] ThirdParty:1030 - CMSIS Pack Vendor :STMicroelectronics X-CUBE-TOUCHGFX 4.25.0
2026-01-09 00:05:53,142 [INFO] ThirdParty:1030 - CMSIS Pack Vendor :STMicroelectronics X-CUBE-ST67W61 1.1.0
2026-01-09 00:05:53,142 [INFO] ThirdParty:1030 - CMSIS Pack Vendor :STMicroelectronics FP-SNS-STBOX1 2.0.0
2026-01-09 00:05:53,142 [INFO] ThirdParty:1030 - CMSIS Pack Vendor :STMicroelectronics X-CUBE-MEMS1 12.0.0
2026-01-09 00:05:53,142 [INFO] ThirdParty:1030 - CMSIS Pack Vendor :STMicroelectronics X-CUBE-AZRTOS-G0 1.1.0
2026-01-09 00:05:53,143 [INFO] ThirdParty:1030 - CMSIS Pack Vendor :STMicroelectronics X-CUBE-SAFEA1 1.2.2
2026-01-09 00:05:53,143 [INFO] ThirdParty:1030 - CMSIS Pack Vendor :STMicroelectronics X-CUBE-NFC4 3.0.0
2026-01-09 00:05:53,143 [INFO] ThirdParty:1030 - CMSIS Pack Vendor :STMicroelectronics X-CUBE-SUBG2 5.0.0
2026-01-09 00:05:53,143 [INFO] ThirdParty:1030 - CMSIS Pack Vendor :STMicroelectronics X-CUBE-AZRTOS-H7RS 1.1.0
2026-01-09 00:05:53,143 [INFO] ThirdParty:1030 - CMSIS Pack Vendor :STMicroelectronics STM32_WPAN 1.0.0
2026-01-09 00:05:53,143 [INFO] ThirdParty:1030 - CMSIS Pack Vendor :EmbeddedOffice I-CUBE-FS-RTOS 1.0.1
2026-01-09 00:05:53,143 [INFO] ThirdParty:1030 - CMSIS Pack Vendor :STMicroelectronics lwIP 2.0.3
2026-01-09 00:05:53,143 [INFO] ThirdParty:1030 - CMSIS Pack Vendor :Cesanta I-CUBE-Mongoose 7.13.0
2026-01-09 00:05:53,143 [INFO] ThirdParty:1030 - CMSIS Pack Vendor :STMicroelectronics USB_HOST 1.0.0
2026-01-09 00:05:53,143 [INFO] ThirdParty:1030 - CMSIS Pack Vendor :STMicroelectronics X-CUBE-AZRTOS-G4 2.0.0
2026-01-09 00:05:53,143 [INFO] ThirdParty:1030 - CMSIS Pack Vendor :STMicroelectronics X-CUBE-WB05N 2.0.0
2026-01-09 00:05:53,143 [INFO] ThirdParty:1030 - CMSIS Pack Vendor :STMicroelectronics PDM2PCM 3.1.0
2026-01-09 00:05:53,143 [INFO] ThirdParty:1030 - CMSIS Pack Vendor :wolfSSL I-CUBE-wolfTPM 3.8.0
2026-01-09 00:05:53,143 [INFO] ThirdParty:1030 - CMSIS Pack Vendor :wolfSSL I-CUBE-wolfSSH 1.4.20
2026-01-09 00:05:53,143 [INFO] ThirdParty:1030 - CMSIS Pack Vendor :STMicroelectronics X-CUBE-NFC7 2.0.0
2026-01-09 00:05:53,143 [INFO] ThirdParty:1030 - CMSIS Pack Vendor :STMicroelectronics X-CUBE-TCPP 4.2.0
2026-01-09 00:05:53,144 [INFO] ThirdParty:1030 - CMSIS Pack Vendor :RealThread X-CUBE-RT-Thread_Nano 4.1.1
2026-01-09 00:05:53,144 [INFO] ThirdParty:1030 - CMSIS Pack Vendor :STMicroelectronics FP-ATR-SIGFOX1 3.2.0
2026-01-09 00:05:53,144 [INFO] ThirdParty:1030 - CMSIS Pack Vendor :STMicroelectronics X-CUBE-EEPRMA1 5.1.0
2026-01-09 00:05:53,144 [INFO] ThirdParty:1030 - CMSIS Pack Vendor :STMicroelectronics MBEDTLS 2.16.2
2026-01-09 00:05:53,144 [INFO] ThirdParty:1030 - CMSIS Pack Vendor :STMicroelectronics X-CUBE-IPS 3.1.0
2026-01-09 00:05:53,144 [INFO] ThirdParty:1030 - CMSIS Pack Vendor :STMicroelectronics X-CUBE-ALS 1.0.2
2026-01-09 00:05:53,144 [INFO] ThirdParty:1030 - CMSIS Pack Vendor :wolfSSL I-CUBE-wolfSSL 5.7.6
2026-01-09 00:05:53,144 [INFO] ThirdParty:1030 - CMSIS Pack Vendor :ITTIA_DB I-CUBE-ITTIADB 8.9.0
2026-01-09 00:05:53,144 [INFO] ThirdParty:1030 - CMSIS Pack Vendor :STMicroelectronics X-CUBE-STSE01 1.0.0
2026-01-09 00:05:53,144 [INFO] ThirdParty:1030 - CMSIS Pack Vendor :portGmbH I-Cube-SoM-uGOAL 1.1.0
2026-01-09 00:05:53,144 [INFO] ThirdParty:1030 - CMSIS Pack Vendor :STMicroelectronics X-CUBE-AI 10.2.0
2026-01-09 00:05:53,144 [INFO] ThirdParty:1030 - CMSIS Pack Vendor :STMicroelectronics ThreadX 1.0.0
2026-01-09 00:05:53,144 [INFO] ThirdParty:1030 - CMSIS Pack Vendor :SEGGER I-CUBE-embOS 1.3.1
2026-01-09 00:05:53,144 [INFO] ThirdParty:1030 - CMSIS Pack Vendor :STMicroelectronics X-CUBE-ALGOBUILD 1.4.0
2026-01-09 00:05:53,144 [INFO] ThirdParty:1030 - CMSIS Pack Vendor :STMicroelectronics X-CUBE-TOF1 3.4.2
2026-01-09 00:05:53,144 [INFO] ThirdParty:1030 - CMSIS Pack Vendor :STMicroelectronics X-CUBE-TOF1 3.4.3
2026-01-09 00:05:53,144 [INFO] ThirdParty:841 - exiting critical section [change project]
2026-01-09 00:05:53,238 [INFO] PinOutPanel:1589 - setPackage(No Configuration,No Configuration)
2026-01-09 00:05:53,239 [INFO] PinOutPanel:1589 - setPackage(STM32F103C8Tx,LQFP48)
2026-01-09 00:05:53,390 [INFO] UtilMem:75 - Before build in PCC Used Memory: 814181256 Bytes (1073741824)
2026-01-09 00:05:53,546 [INFO] UtilMem:75 - After build in PCC Used Memory: 856646536 Bytes (1073741824)
2026-01-09 00:05:53,561 [INFO] IPUIPlugin:80 - create IPUIPlugin
2026-01-09 00:05:53,562 [INFO] IPUIPlugin:80 - create IPUIPlugin
2026-01-09 00:05:53,563 [INFO] IPUIPlugin:80 - create IPUIPlugin
2026-01-09 00:05:53,563 [INFO] IPUIPlugin:80 - create IPUIPlugin
2026-01-09 00:05:53,563 [INFO] IPUIPlugin:80 - create IPUIPlugin
2026-01-09 00:05:53,563 [INFO] IPUIPlugin:80 - create IPUIPlugin
2026-01-09 00:05:53,563 [INFO] IPUIPlugin:80 - create IPUIPlugin
2026-01-09 00:05:53,563 [INFO] IPUIPlugin:80 - create IPUIPlugin
2026-01-09 00:05:53,563 [INFO] IPUIPlugin:80 - create IPUIPlugin
2026-01-09 00:05:53,564 [INFO] IPUIPlugin:80 - create IPUIPlugin
2026-01-09 00:05:53,564 [INFO] IPUIPlugin:80 - create IPUIPlugin
2026-01-09 00:05:53,564 [INFO] IPUIPlugin:80 - create IPUIPlugin
2026-01-09 00:05:53,564 [INFO] IPUIPlugin:80 - create IPUIPlugin
2026-01-09 00:05:53,564 [INFO] IPUIPlugin:80 - create IPUIPlugin
2026-01-09 00:05:53,564 [INFO] IPUIPlugin:80 - create IPUIPlugin
2026-01-09 00:05:53,565 [INFO] IPUIPlugin:80 - create IPUIPlugin
2026-01-09 00:05:53,565 [INFO] IPUIPlugin:80 - create IPUIPlugin
2026-01-09 00:05:53,565 [INFO] IPUIPlugin:80 - create IPUIPlugin
2026-01-09 00:05:53,565 [INFO] IPUIPlugin:80 - create IPUIPlugin
2026-01-09 00:05:53,565 [INFO] IPUIPlugin:80 - create IPUIPlugin
2026-01-09 00:05:53,565 [INFO] IPUIPlugin:80 - create IPUIPlugin
2026-01-09 00:05:53,565 [INFO] IPUIPlugin:80 - create IPUIPlugin
2026-01-09 00:05:53,565 [INFO] IPUIPlugin:80 - create IPUIPlugin
2026-01-09 00:05:53,566 [INFO] IPUIPlugin:80 - create IPUIPlugin
2026-01-09 00:05:53,566 [INFO] IPUIPlugin:80 - create IPUIPlugin
2026-01-09 00:05:53,566 [INFO] IPUIPlugin:80 - create IPUIPlugin
2026-01-09 00:05:53,566 [INFO] IPUIPlugin:80 - create IPUIPlugin
2026-01-09 00:05:53,603 [INFO] CADModel:165 - CPN selected for project levelSTM32F103C8T6
2026-01-09 00:05:53,603 [INFO] CADModel:114 - Register for checkConnection events
2026-01-09 00:05:53,669 [INFO] OpenFileManager:386 - Restore cursor
2026-01-09 00:08:00,292 [INFO] MainUpdater:2872 - connection check result : 10
2026-01-09 00:08:00,292 [INFO] MainUpdater:2872 - connection check result : 10
2026-01-09 00:08:00,374 [INFO] MicroXplorer:468 - Change Database Path : 
2026-01-09 00:08:00,374 [INFO] MicroXplorer:498 - Change Database Version : DB.6.0.150
2026-01-09 00:08:00,381 [ERROR] ProjectManagerView:395 - 
java.lang.NullPointerException: Cannot invoke "javax.swing.JTextField.getText()" because the return value of "java.util.List.get(int)" is null
	at com.st.microxplorer.plugins.projectmanager.gui.ProjectChoiceTab$9.caretUpdate(ProjectChoiceTab.java:2706) ~[filemanager.jar:?]
	at javax.swing.text.JTextComponent.fireCaretUpdate(JTextComponent.java:408) ~[?:?]
	at javax.swing.text.JTextComponent$MutableCaretEvent.fire(JTextComponent.java:4484) ~[?:?]
	at javax.swing.text.JTextComponent$MutableCaretEvent.stateChanged(JTextComponent.java:4506) ~[?:?]
	at javax.swing.text.DefaultCaret.fireStateChanged(DefaultCaret.java:857) ~[?:?]
	at javax.swing.text.DefaultCaret.changeCaretPosition(DefaultCaret.java:1343) ~[?:?]
	at javax.swing.text.DefaultCaret.handleSetDot(DefaultCaret.java:1242) ~[?:?]
	at javax.swing.text.DefaultCaret.setDot(DefaultCaret.java:1223) ~[?:?]
	at javax.swing.text.DefaultCaret$Handler.insertUpdate(DefaultCaret.java:1819) ~[?:?]
	at javax.swing.text.AbstractDocument.fireInsertUpdate(AbstractDocument.java:227) ~[?:?]
	at javax.swing.text.AbstractDocument.handleInsertString(AbstractDocument.java:781) ~[?:?]
	at javax.swing.text.AbstractDocument.insertString(AbstractDocument.java:740) ~[?:?]
	at javax.swing.text.PlainDocument.insertString(PlainDocument.java:131) ~[?:?]
	at javax.swing.text.AbstractDocument.replace(AbstractDocument.java:699) ~[?:?]
	at javax.swing.text.JTextComponent.setText(JTextComponent.java:1725) ~[?:?]
	at com.st.microxplorer.plugins.projectmanager.gui.ProjectChoiceTab.createHeapStackFields(ProjectChoiceTab.java:993) ~[filemanager.jar:?]
	at com.st.microxplorer.plugins.projectmanager.gui.ProjectChoiceTab.buildLinkSettingsPanel(ProjectChoiceTab.java:3813) ~[filemanager.jar:?]
	at com.st.microxplorer.plugins.projectmanager.gui.ProjectChoiceTab.defineWindowsFields(ProjectChoiceTab.java:1987) ~[filemanager.jar:?]
	at com.st.microxplorer.plugins.projectmanager.gui.ProjectChoiceTab.updateSettings(ProjectChoiceTab.java:558) ~[filemanager.jar:?]
	at com.st.microxplorer.plugins.projectmanager.gui.ProjectSettingsPanel.UpdateDialog(ProjectSettingsPanel.java:247) ~[filemanager.jar:?]
	at com.st.microxplorer.plugins.projectmanager.ProjectManagerView.propertyChange(ProjectManagerView.java:392) ~[filemanager.jar:?]
	at java.beans.PropertyChangeSupport.fire(PropertyChangeSupport.java:343) ~[?:?]
	at java.beans.PropertyChangeSupport.firePropertyChange(PropertyChangeSupport.java:335) ~[?:?]
	at java.beans.PropertyChangeSupport.firePropertyChange(PropertyChangeSupport.java:268) ~[?:?]
	at com.st.microxplorer.util.MXPropertyChangeSupport.firePropertyChange(MXPropertyChangeSupport.java:54) ~[STM32CubeMX.jar:?]
	at com.st.microxplorer.mxsystem.MxSystem.closeConfig(MxSystem.java:899) ~[STM32CubeMX.jar:?]
	at com.st.microxplorer.maingui.MainPanel.closeConfig(MainPanel.java:792) ~[STM32CubeMX.jar:?]
	at com.st.microxplorer.plugins.filemanager.engine.OpenFileManager.loadConfigurationFile(OpenFileManager.java:288) ~[filemanager.jar:?]
	at com.st.microxplorer.plugins.filemanager.engine.MainFileManager.userLoadConfig(MainFileManager.java:364) ~[filemanager.jar:?]
	at com.st.microxplorer.plugins.filemanager.engine.MainFileManager.userLoadConfig(MainFileManager.java:342) ~[filemanager.jar:?]
	at com.st.microxplorer.plugins.filemanager.FileManagerView.getSpecificTask(FileManagerView.java:264) ~[filemanager.jar:?]
	at com.st.stm32cube.common.mx.editor.CubeMxEditor.getMxTabbedPaneInstance(CubeMxEditor.java:1198) ~[com.st.stm32cube.common.mx_6.15.0.202507011659/:?]
	at com.st.stm32cube.common.mx.editor.CubeMxEditor$12$1.createSwingComponent(CubeMxEditor.java:1068) ~[com.st.stm32cube.common.mx_6.15.0.202507011659/:?]
	at com.st.stm32cube.common.mx.oss.core.awtswtbridge.EmbeddedSwingComposite.doComponentCreation(EmbeddedSwingComposite.java:492) ~[com.st.stm32cube.common.mx.oss_6.15.0.202507011659/:?]
	at com.st.stm32cube.common.mx.oss.core.awtswtbridge.EmbeddedSwingComposite$4.run(EmbeddedSwingComposite.java:291) ~[com.st.stm32cube.common.mx.oss_6.15.0.202507011659/:?]
	at com.st.stm32cube.common.mx.oss.core.awtswtbridge.AwtEnvironment$2.run(AwtEnvironment.java:166) ~[com.st.stm32cube.common.mx.oss_6.15.0.202507011659/:?]
	at java.awt.event.InvocationEvent.dispatch(InvocationEvent.java:318) ~[?:?]
	at java.awt.EventQueue.dispatchEventImpl(EventQueue.java:773) ~[?:?]
	at java.awt.EventQueue$4.run(EventQueue.java:720) ~[?:?]
	at java.awt.EventQueue$4.run(EventQueue.java:714) ~[?:?]
	at java.security.AccessController.doPrivileged(AccessController.java:400) ~[?:?]
	at java.security.ProtectionDomain$JavaSecurityAccessImpl.doIntersectionPrivilege(ProtectionDomain.java:87) ~[?:?]
	at java.awt.EventQueue.dispatchEvent(EventQueue.java:742) ~[?:?]
	at java.awt.EventDispatchThread.pumpOneEventForFilters(EventDispatchThread.java:203) ~[?:?]
	at java.awt.EventDispatchThread.pumpEventsForFilter(EventDispatchThread.java:124) ~[?:?]
	at java.awt.EventDispatchThread.pumpEventsForHierarchy(EventDispatchThread.java:113) ~[?:?]
	at java.awt.EventDispatchThread.pumpEvents(EventDispatchThread.java:109) ~[?:?]
	at java.awt.EventDispatchThread.pumpEvents(EventDispatchThread.java:101) ~[?:?]
	at java.awt.EventDispatchThread.run(EventDispatchThread.java:90) ~[?:?]
2026-01-09 00:08:00,382 [WARN] ThirdParty:871 - waiting for thirdparty lock release [close project]
2026-01-09 00:08:00,382 [INFO] ThirdParty:873 - entering critical section [close project]
2026-01-09 00:08:00,382 [INFO] ThirdParty:883 - exiting critical section [close project]
2026-01-09 00:08:00,383 [INFO] PinOutPanel:1589 - setPackage(No Configuration,No Configuration)
2026-01-09 00:08:00,385 [INFO] UtilMem:75 - Begin LoadConfig() Used Memory: 778059912 Bytes (1073741824)
2026-01-09 00:08:00,386 [INFO] MicroXplorer:468 - Change Database Path : 
2026-01-09 00:08:00,386 [INFO] MicroXplorer:498 - Change Database Version : DB.6.0.150
2026-01-09 00:08:00,386 [INFO] OpenFileManager:355 - Change cursor
2026-01-09 00:08:00,391 [INFO] Mcu:2029 - Initializing MCU STM32F103C(8-B)Tx STM32F103C8Tx STM32F103C8T6
2026-01-09 00:08:00,728 [INFO] Context:786 - Trying to add GPIOservice into a context  which must be forbidden
2026-01-09 00:08:00,821 [INFO] ImportTextPane:234 - (OptionalMessage_ERROR) Pin10 (VP_RIF_VS_RIF1) cannot be retrieved for this MCU
2026-01-09 00:08:00,836 [INFO] RtosManager:558 - Registered RTOS mode: class=CMSIS, group=RTOS, mode=CMSIS_V1, owner=FREERTOS
2026-01-09 00:08:00,836 [INFO] RtosManager:558 - Registered RTOS mode: class=CMSIS, group=RTOS2, mode=CMSIS_V2, owner=FREERTOS
2026-01-09 00:08:00,836 [INFO] RtosManager:558 - Registered RTOS mode: class=RTOS, group=Core, mode=CMSIS_V1, owner=FREERTOS
2026-01-09 00:08:00,836 [INFO] RtosManager:558 - Registered RTOS mode: class=RTOS, group=Core, mode=CMSIS_V2, owner=FREERTOS
2026-01-09 00:08:00,836 [WARN] ModelIntegratedComponent:184 - Missing modes for component STMicroelectronics:FreeRTOS:0.0.1:STMicroelectronics:RTOS:FreeRTOS:Core:::10.2.0:
2026-01-09 00:08:00,839 [WARN] ModelIntegratedComponent:63 - No mode defined for component null
2026-01-09 00:08:00,839 [WARN] ModelIntegratedComponent:63 - No mode defined for component null
2026-01-09 00:08:00,839 [WARN] ModelIntegratedComponent:63 - No mode defined for component null
2026-01-09 00:08:00,839 [WARN] ModelIntegratedComponent:63 - No mode defined for component null
2026-01-09 00:08:00,839 [WARN] ModelIntegratedComponent:63 - No mode defined for component null
2026-01-09 00:08:00,839 [WARN] ModelIntegratedComponent:63 - No mode defined for component null
2026-01-09 00:08:00,839 [WARN] ModelIntegratedComponent:63 - No mode defined for component null
2026-01-09 00:08:00,839 [WARN] ModelIntegratedComponent:63 - No mode defined for component null
2026-01-09 00:08:00,839 [WARN] ModelIntegratedComponent:63 - No mode defined for component null
2026-01-09 00:08:00,839 [WARN] ModelIntegratedComponent:63 - No mode defined for component null
2026-01-09 00:08:00,839 [WARN] ModelIntegratedComponent:63 - No mode defined for component null
2026-01-09 00:08:00,839 [WARN] ModelIntegratedComponent:63 - No mode defined for component null
2026-01-09 00:08:00,839 [WARN] ModelIntegratedComponent:63 - No mode defined for component null
2026-01-09 00:08:00,839 [WARN] ModelIntegratedComponent:63 - No mode defined for component null
2026-01-09 00:08:00,839 [WARN] ModelIntegratedComponent:63 - No mode defined for component null
2026-01-09 00:08:00,839 [WARN] ModelIntegratedComponent:63 - No mode defined for component null
2026-01-09 00:08:00,839 [WARN] ModelIntegratedComponent:63 - No mode defined for component null
2026-01-09 00:08:00,839 [WARN] ModelIntegratedComponent:63 - No mode defined for component null
2026-01-09 00:08:00,839 [WARN] ModelIntegratedComponent:63 - No mode defined for component null
2026-01-09 00:08:00,839 [WARN] ModelIntegratedComponent:63 - No mode defined for component null
2026-01-09 00:08:00,839 [WARN] ModelIntegratedComponent:63 - No mode defined for component null
2026-01-09 00:08:00,839 [WARN] ModelIntegratedComponent:63 - No mode defined for component null
2026-01-09 00:08:00,839 [WARN] ModelIntegratedComponent:63 - No mode defined for component null
2026-01-09 00:08:00,839 [WARN] ModelIntegratedComponent:63 - No mode defined for component null
2026-01-09 00:08:00,840 [WARN] ModelIntegratedComponent:63 - No mode defined for component null
2026-01-09 00:08:00,840 [WARN] ModelIntegratedComponent:63 - No mode defined for component null
2026-01-09 00:08:00,840 [WARN] ModelIntegratedComponent:63 - No mode defined for component null
2026-01-09 00:08:00,840 [WARN] ModelIntegratedComponent:63 - No mode defined for component null
2026-01-09 00:08:00,840 [WARN] ModelIntegratedComponent:63 - No mode defined for component null
2026-01-09 00:08:00,840 [WARN] ModelIntegratedComponent:63 - No mode defined for component null
2026-01-09 00:08:00,840 [WARN] ModelIntegratedComponent:63 - No mode defined for component null
2026-01-09 00:08:00,840 [WARN] ModelIntegratedComponent:63 - No mode defined for component null
2026-01-09 00:08:00,840 [WARN] ModelIntegratedComponent:63 - No mode defined for component null
2026-01-09 00:08:00,840 [WARN] ModelIntegratedComponent:63 - No mode defined for component null
2026-01-09 00:08:00,840 [WARN] ModelIntegratedComponent:63 - No mode defined for component null
2026-01-09 00:08:00,840 [WARN] ModelPack:524 - Component already loaded: STMicroelectronics:HAL Drivers:0.0.0:STMicroelectronics:Device:STMicro_Driver:XSPI:HAL::0.0.1:HAL_XSPI
2026-01-09 00:08:01,002 [INFO] ThirdPartyModel:298 - Start build external matchings
2026-01-09 00:08:01,926 [INFO] ThirdPartyModel:316 - End build external matchings
2026-01-09 00:08:01,950 [INFO] ImportTextPane:234 - (OptionalMessage_ERROR) IP (RCC) : Parameter (ADCFreqValue) has invalid value (36000000)
2026-01-09 00:08:01,951 [INFO] ImportTextPane:234 - (OptionalMessage_ERROR) IP (RCC) : Invalid parameter (FamilyName)
2026-01-09 00:08:01,951 [INFO] ImportTextPane:234 - (OptionalMessage_ERROR) IP (RCC) : Parameter (MCOFreq_Value) has invalid value (72000000)
2026-01-09 00:08:01,951 [INFO] ImportTextPane:234 - (OptionalMessage_ERROR) IP (RCC) : Parameter (USBFreq_Value) has invalid value (72000000)
2026-01-09 00:08:02,116 [INFO] UtilMem:75 - End LoadConfig() Used Memory: 912559456 Bytes (1073741824)
2026-01-09 00:08:02,159 [WARN] ThirdParty:833 - waiting for thirdparty lock release [change project]
2026-01-09 00:08:02,159 [INFO] ThirdParty:835 - entering critical section [change project]
2026-01-09 00:08:02,160 [INFO] ThirdParty:1030 - CMSIS Pack Vendor :STMicroelectronics X-CUBE-PM33A1 1.0.0
2026-01-09 00:08:02,160 [INFO] ThirdParty:1030 - CMSIS Pack Vendor :STMicroelectronics USBPD 4.1
2026-01-09 00:08:02,160 [INFO] ThirdParty:1030 - CMSIS Pack Vendor :STMicroelectronics USB_HOST 2.0.0
2026-01-09 00:08:02,160 [INFO] ThirdParty:1030 - CMSIS Pack Vendor :STMicroelectronics FP-SNS-MOTENVWB1 1.4.0
2026-01-09 00:08:02,160 [INFO] ThirdParty:1030 - CMSIS Pack Vendor :STMicroelectronics X-CUBE-AZRTOS-F4 1.1.0
2026-01-09 00:08:02,160 [INFO] ThirdParty:1030 - CMSIS Pack Vendor :STMicroelectronics LIBJPEG 8.0.0
2026-01-09 00:08:02,160 [INFO] ThirdParty:1030 - CMSIS Pack Vendor :STMicroelectronics FP-ATR-ASTRA1 2.0.2
2026-01-09 00:08:02,160 [INFO] ThirdParty:1030 - CMSIS Pack Vendor :STMicroelectronics X-CUBE-SMBUS 2.1.0
2026-01-09 00:08:02,160 [INFO] ThirdParty:1030 - CMSIS Pack Vendor :STMicroelectronics X-CUBE-WB05N 1.1.0
2026-01-09 00:08:02,160 [INFO] ThirdParty:1030 - CMSIS Pack Vendor :STMicroelectronics X-CUBE-ISPU 2.1.0
2026-01-09 00:08:02,160 [INFO] ThirdParty:1030 - CMSIS Pack Vendor :STMicroelectronics X-CUBE-IPS 3.2.0
2026-01-09 00:08:02,160 [INFO] ThirdParty:1030 - CMSIS Pack Vendor :STMicroelectronics X-CUBE-NFC12 1.0.0
2026-01-09 00:08:02,160 [INFO] ThirdParty:1030 - CMSIS Pack Vendor :STMicroelectronics X-CUBE-AZRTOS-F7 1.1.0
2026-01-09 00:08:02,160 [INFO] ThirdParty:1030 - CMSIS Pack Vendor :STMicroelectronics X-CUBE-AZRTOS-L5 2.0.0
2026-01-09 00:08:02,160 [INFO] ThirdParty:1030 - CMSIS Pack Vendor :STMicroelectronics USB_DEVICE 2.0.0
2026-01-09 00:08:02,160 [INFO] ThirdParty:1030 - CMSIS Pack Vendor :STMicroelectronics X-CUBE-NFC6 3.1.0
2026-01-09 00:08:02,160 [INFO] ThirdParty:1030 - CMSIS Pack Vendor :STMicroelectronics FP-SNS-MOTENV1 5.1.0
2026-01-09 00:08:02,160 [INFO] ThirdParty:1030 - CMSIS Pack Vendor :STMicroelectronics FreeRTOS 0.0.1
2026-01-09 00:08:02,160 [INFO] ThirdParty:1030 - CMSIS Pack Vendor :STMicroelectronics X-CUBE-DPower 1.2.0
2026-01-09 00:08:02,160 [INFO] ThirdParty:1030 - CMSIS Pack Vendor :Infineon AIROC-Wi-Fi-Bluetooth-STM32 1.7.0
2026-01-09 00:08:02,160 [INFO] ThirdParty:1030 - CMSIS Pack Vendor :STMicroelectronics PDM2PCM 3.3.0
2026-01-09 00:08:02,160 [INFO] ThirdParty:1030 - CMSIS Pack Vendor :STMicroelectronics X-CUBE-AZRTOS-H7 3.4.0
2026-01-09 00:08:02,160 [INFO] ThirdParty:1030 - CMSIS Pack Vendor :STMicroelectronics X-CUBE-DISPLAY 3.0.0
2026-01-09 00:08:02,160 [INFO] ThirdParty:1030 - CMSIS Pack Vendor :STMicroelectronics X-CUBE-NFC10 1.0.0
2026-01-09 00:08:02,160 [INFO] ThirdParty:1030 - CMSIS Pack Vendor :STMicroelectronics X-CUBE-BLEMGR 4.0.0
2026-01-09 00:08:02,160 [INFO] ThirdParty:1030 - CMSIS Pack Vendor :STMicroelectronics HAL Drivers 0.0.0
2026-01-09 00:08:02,160 [INFO] ThirdParty:1030 - CMSIS Pack Vendor :STMicroelectronics X-CUBE-ST60 1.1.0
2026-01-09 00:08:02,160 [INFO] ThirdParty:1030 - CMSIS Pack Vendor :emotas I-CUBE-CANOPEN 1.3.0
2026-01-09 00:08:02,160 [INFO] ThirdParty:1030 - CMSIS Pack Vendor :STMicroelectronics X-CUBE-FREERTOS 1.3.0
2026-01-09 00:08:02,160 [INFO] ThirdParty:1030 - CMSIS Pack Vendor :STMicroelectronics X-CUBE-NFC7 1.0.1
2026-01-09 00:08:02,160 [INFO] ThirdParty:1030 - CMSIS Pack Vendor :STMicroelectronics MBEDTLS 2.14.1
2026-01-09 00:08:02,161 [INFO] ThirdParty:1030 - CMSIS Pack Vendor :STMicroelectronics X-CUBE-GNSS1 7.1.0
2026-01-09 00:08:02,161 [INFO] ThirdParty:1030 - CMSIS Pack Vendor :STMicroelectronics X-CUBE-TOUCHGFX 4.26.0
2026-01-09 00:08:02,161 [INFO] ThirdParty:1030 - CMSIS Pack Vendor :quantropi X-CUBE-qispace-sdk-base 2.0.0
2026-01-09 00:08:02,161 [INFO] ThirdParty:1030 - CMSIS Pack Vendor :STMicroelectronics X-CUBE-AI 10.0.0
2026-01-09 00:08:02,161 [INFO] ThirdParty:1030 - CMSIS Pack Vendor :STMicroelectronics FP-SNS-STBOX1 2.1.0
2026-01-09 00:08:02,161 [INFO] ThirdParty:1030 - CMSIS Pack Vendor :STMicroelectronics FP-SNS-STAIOTCFT 1.0.0
2026-01-09 00:08:02,161 [INFO] ThirdParty:1030 - CMSIS Pack Vendor :STMicroelectronics FP-SNS-SMARTAG2 1.2.0
2026-01-09 00:08:02,161 [INFO] ThirdParty:1030 - CMSIS Pack Vendor :STMicroelectronics FP-SNS-FLIGHT1 5.1.0
2026-01-09 00:08:02,161 [INFO] ThirdParty:1030 - CMSIS Pack Vendor :STMicroelectronics X-CUBE-MEMS1 11.1.0
2026-01-09 00:08:02,161 [INFO] ThirdParty:1030 - CMSIS Pack Vendor :STMicroelectronics X-CUBE-AZRTOS-WL 2.0.0
2026-01-09 00:08:02,161 [INFO] ThirdParty:1030 - CMSIS Pack Vendor :STMicroelectronics X-CUBE-DPower 1.3.0
2026-01-09 00:08:02,161 [INFO] ThirdParty:1030 - CMSIS Pack Vendor :STMicroelectronics FP-SNS-MOTENV1 5.0.0
2026-01-09 00:08:02,161 [INFO] ThirdParty:1030 - CMSIS Pack Vendor :STMicroelectronics USB_DEVICE 1.0.0
2026-01-09 00:08:02,161 [INFO] ThirdParty:1030 - CMSIS Pack Vendor :STMicroelectronics X-CUBE-AZRTOS-H7RS 1.2.0
2026-01-09 00:08:02,161 [INFO] ThirdParty:1030 - CMSIS Pack Vendor :STMicroelectronics X-CUBE-AZRTOS-L4 2.0.0
2026-01-09 00:08:02,161 [INFO] ThirdParty:1030 - CMSIS Pack Vendor :STMicroelectronics ThreadX 0.0.2
2026-01-09 00:08:02,161 [INFO] ThirdParty:1030 - CMSIS Pack Vendor :WES I-CUBE-Cesium 1.3.0
2026-01-09 00:08:02,161 [INFO] ThirdParty:1030 - CMSIS Pack Vendor :STMicroelectronics lwIP 2.1.2
2026-01-09 00:08:02,161 [INFO] ThirdParty:1030 - CMSIS Pack Vendor :STMicroelectronics X-CUBE-SFXS2LP1 4.0.0
2026-01-09 00:08:02,161 [INFO] ThirdParty:1030 - CMSIS Pack Vendor :STMicroelectronics X-CUBE-BLE2 3.3.0
2026-01-09 00:08:02,161 [INFO] ThirdParty:1030 - CMSIS Pack Vendor :Avnet-IOTCONNECT X-CUBE-iotc-st67-sdk 1.0.0
2026-01-09 00:08:02,161 [INFO] ThirdParty:1030 - CMSIS Pack Vendor :STMicroelectronics PDM2PCM 3.2.0
2026-01-09 00:08:02,161 [INFO] ThirdParty:1030 - CMSIS Pack Vendor :STMicroelectronics X-CUBE-AZRTOS-H7 3.3.0
2026-01-09 00:08:02,161 [INFO] ThirdParty:1030 - CMSIS Pack Vendor :STMicroelectronics X-CUBE-NFC9 1.0.0
2026-01-09 00:08:02,161 [INFO] ThirdParty:1030 - CMSIS Pack Vendor :STMicroelectronics X-CUBE-BLE1 7.1.0
2026-01-09 00:08:02,161 [INFO] ThirdParty:1030 - CMSIS Pack Vendor :wolfSSL I-CUBE-wolfMQTT 1.19.2
2026-01-09 00:08:02,161 [INFO] ThirdParty:1030 - CMSIS Pack Vendor :STMicroelectronics USB_DEVICE 3.0.0
2026-01-09 00:08:02,161 [INFO] ThirdParty:1030 - CMSIS Pack Vendor :STMicroelectronics X-CUBE-FREERTOS 1.4.0
2026-01-09 00:08:02,161 [INFO] ThirdParty:1030 - CMSIS Pack Vendor :STMicroelectronics X-CUBE-EEPRMA1 5.2.0
2026-01-09 00:08:02,161 [INFO] ThirdParty:1030 - CMSIS Pack Vendor :STMicroelectronics X-CUBE-BLEMGR 4.1.0
2026-01-09 00:08:02,161 [INFO] ThirdParty:1030 - CMSIS Pack Vendor :STMicroelectronics X-CUBE-AZRTOS-WB 2.0.0
2026-01-09 00:08:02,161 [INFO] ThirdParty:1030 - CMSIS Pack Vendor :STMicroelectronics X-CUBE-GNSS1 7.0.1
2026-01-09 00:08:02,161 [INFO] ThirdParty:1030 - CMSIS Pack Vendor :STMicroelectronics X-CUBE-TOUCHGFX 4.25.0
2026-01-09 00:08:02,161 [INFO] ThirdParty:1030 - CMSIS Pack Vendor :STMicroelectronics X-CUBE-ST67W61 1.1.0
2026-01-09 00:08:02,161 [INFO] ThirdParty:1030 - CMSIS Pack Vendor :STMicroelectronics FP-SNS-STBOX1 2.0.0
2026-01-09 00:08:02,161 [INFO] ThirdParty:1030 - CMSIS Pack Vendor :STMicroelectronics X-CUBE-MEMS1 12.0.0
2026-01-09 00:08:02,161 [INFO] ThirdParty:1030 - CMSIS Pack Vendor :STMicroelectronics X-CUBE-AZRTOS-G0 1.1.0
2026-01-09 00:08:02,161 [INFO] ThirdParty:1030 - CMSIS Pack Vendor :STMicroelectronics X-CUBE-SAFEA1 1.2.2
2026-01-09 00:08:02,161 [INFO] ThirdParty:1030 - CMSIS Pack Vendor :STMicroelectronics X-CUBE-NFC4 3.0.0
2026-01-09 00:08:02,161 [INFO] ThirdParty:1030 - CMSIS Pack Vendor :STMicroelectronics X-CUBE-SUBG2 5.0.0
2026-01-09 00:08:02,161 [INFO] ThirdParty:1030 - CMSIS Pack Vendor :STMicroelectronics X-CUBE-AZRTOS-H7RS 1.1.0
2026-01-09 00:08:02,161 [INFO] ThirdParty:1030 - CMSIS Pack Vendor :STMicroelectronics STM32_WPAN 1.0.0
2026-01-09 00:08:02,161 [INFO] ThirdParty:1030 - CMSIS Pack Vendor :EmbeddedOffice I-CUBE-FS-RTOS 1.0.1
2026-01-09 00:08:02,161 [INFO] ThirdParty:1030 - CMSIS Pack Vendor :STMicroelectronics lwIP 2.0.3
2026-01-09 00:08:02,161 [INFO] ThirdParty:1030 - CMSIS Pack Vendor :Cesanta I-CUBE-Mongoose 7.13.0
2026-01-09 00:08:02,161 [INFO] ThirdParty:1030 - CMSIS Pack Vendor :STMicroelectronics USB_HOST 1.0.0
2026-01-09 00:08:02,161 [INFO] ThirdParty:1030 - CMSIS Pack Vendor :STMicroelectronics X-CUBE-AZRTOS-G4 2.0.0
2026-01-09 00:08:02,161 [INFO] ThirdParty:1030 - CMSIS Pack Vendor :STMicroelectronics X-CUBE-WB05N 2.0.0
2026-01-09 00:08:02,161 [INFO] ThirdParty:1030 - CMSIS Pack Vendor :STMicroelectronics PDM2PCM 3.1.0
2026-01-09 00:08:02,161 [INFO] ThirdParty:1030 - CMSIS Pack Vendor :wolfSSL I-CUBE-wolfTPM 3.8.0
2026-01-09 00:08:02,162 [INFO] ThirdParty:1030 - CMSIS Pack Vendor :wolfSSL I-CUBE-wolfSSH 1.4.20
2026-01-09 00:08:02,162 [INFO] ThirdParty:1030 - CMSIS Pack Vendor :STMicroelectronics X-CUBE-NFC7 2.0.0
2026-01-09 00:08:02,162 [INFO] ThirdParty:1030 - CMSIS Pack Vendor :STMicroelectronics X-CUBE-TCPP 4.2.0
2026-01-09 00:08:02,162 [INFO] ThirdParty:1030 - CMSIS Pack Vendor :RealThread X-CUBE-RT-Thread_Nano 4.1.1
2026-01-09 00:08:02,162 [INFO] ThirdParty:1030 - CMSIS Pack Vendor :STMicroelectronics FP-ATR-SIGFOX1 3.2.0
2026-01-09 00:08:02,162 [INFO] ThirdParty:1030 - CMSIS Pack Vendor :STMicroelectronics X-CUBE-EEPRMA1 5.1.0
2026-01-09 00:08:02,162 [INFO] ThirdParty:1030 - CMSIS Pack Vendor :STMicroelectronics MBEDTLS 2.16.2
2026-01-09 00:08:02,162 [INFO] ThirdParty:1030 - CMSIS Pack Vendor :STMicroelectronics X-CUBE-IPS 3.1.0
2026-01-09 00:08:02,162 [INFO] ThirdParty:1030 - CMSIS Pack Vendor :STMicroelectronics X-CUBE-ALS 1.0.2
2026-01-09 00:08:02,162 [INFO] ThirdParty:1030 - CMSIS Pack Vendor :wolfSSL I-CUBE-wolfSSL 5.7.6
2026-01-09 00:08:02,162 [INFO] ThirdParty:1030 - CMSIS Pack Vendor :ITTIA_DB I-CUBE-ITTIADB 8.9.0
2026-01-09 00:08:02,162 [INFO] ThirdParty:1030 - CMSIS Pack Vendor :STMicroelectronics X-CUBE-STSE01 1.0.0
2026-01-09 00:08:02,162 [INFO] ThirdParty:1030 - CMSIS Pack Vendor :portGmbH I-Cube-SoM-uGOAL 1.1.0
2026-01-09 00:08:02,162 [INFO] ThirdParty:1030 - CMSIS Pack Vendor :STMicroelectronics X-CUBE-AI 10.2.0
2026-01-09 00:08:02,162 [INFO] ThirdParty:1030 - CMSIS Pack Vendor :STMicroelectronics ThreadX 1.0.0
2026-01-09 00:08:02,162 [INFO] ThirdParty:1030 - CMSIS Pack Vendor :SEGGER I-CUBE-embOS 1.3.1
2026-01-09 00:08:02,162 [INFO] ThirdParty:1030 - CMSIS Pack Vendor :STMicroelectronics X-CUBE-ALGOBUILD 1.4.0
2026-01-09 00:08:02,162 [INFO] ThirdParty:1030 - CMSIS Pack Vendor :STMicroelectronics X-CUBE-TOF1 3.4.2
2026-01-09 00:08:02,162 [INFO] ThirdParty:1030 - CMSIS Pack Vendor :STMicroelectronics X-CUBE-TOF1 3.4.3
2026-01-09 00:08:02,162 [INFO] ThirdParty:841 - exiting critical section [change project]
2026-01-09 00:08:02,243 [INFO] PinOutPanel:1589 - setPackage(No Configuration,No Configuration)
2026-01-09 00:08:02,244 [INFO] PinOutPanel:1589 - setPackage(STM32F103C8Tx,LQFP48)
2026-01-09 00:08:02,505 [INFO] UtilMem:75 - Before build in PCC Used Memory: 765457384 Bytes (1073741824)
2026-01-09 00:08:02,736 [INFO] UtilMem:75 - After build in PCC Used Memory: 809499624 Bytes (1073741824)
2026-01-09 00:08:02,747 [INFO] IPUIPlugin:80 - create IPUIPlugin
2026-01-09 00:08:02,747 [INFO] IPUIPlugin:80 - create IPUIPlugin
2026-01-09 00:08:02,747 [INFO] IPUIPlugin:80 - create IPUIPlugin
2026-01-09 00:08:02,747 [INFO] IPUIPlugin:80 - create IPUIPlugin
2026-01-09 00:08:02,747 [INFO] IPUIPlugin:80 - create IPUIPlugin
2026-01-09 00:08:02,747 [INFO] IPUIPlugin:80 - create IPUIPlugin
2026-01-09 00:08:02,747 [INFO] IPUIPlugin:80 - create IPUIPlugin
2026-01-09 00:08:02,747 [INFO] IPUIPlugin:80 - create IPUIPlugin
2026-01-09 00:08:02,747 [INFO] IPUIPlugin:80 - create IPUIPlugin
2026-01-09 00:08:02,747 [INFO] IPUIPlugin:80 - create IPUIPlugin
2026-01-09 00:08:02,747 [INFO] IPUIPlugin:80 - create IPUIPlugin
2026-01-09 00:08:02,748 [INFO] IPUIPlugin:80 - create IPUIPlugin
2026-01-09 00:08:02,748 [INFO] IPUIPlugin:80 - create IPUIPlugin
2026-01-09 00:08:02,748 [INFO] IPUIPlugin:80 - create IPUIPlugin
2026-01-09 00:08:02,748 [INFO] IPUIPlugin:80 - create IPUIPlugin
2026-01-09 00:08:02,748 [INFO] IPUIPlugin:80 - create IPUIPlugin
2026-01-09 00:08:02,748 [INFO] IPUIPlugin:80 - create IPUIPlugin
2026-01-09 00:08:02,748 [INFO] IPUIPlugin:80 - create IPUIPlugin
2026-01-09 00:08:02,748 [INFO] IPUIPlugin:80 - create IPUIPlugin
2026-01-09 00:08:02,748 [INFO] IPUIPlugin:80 - create IPUIPlugin
2026-01-09 00:08:02,748 [INFO] IPUIPlugin:80 - create IPUIPlugin
2026-01-09 00:08:02,749 [INFO] IPUIPlugin:80 - create IPUIPlugin
2026-01-09 00:08:02,749 [INFO] IPUIPlugin:80 - create IPUIPlugin
2026-01-09 00:08:02,749 [INFO] IPUIPlugin:80 - create IPUIPlugin
2026-01-09 00:08:02,749 [INFO] IPUIPlugin:80 - create IPUIPlugin
2026-01-09 00:08:02,749 [INFO] IPUIPlugin:80 - create IPUIPlugin
2026-01-09 00:08:02,749 [INFO] IPUIPlugin:80 - create IPUIPlugin
2026-01-09 00:08:02,780 [INFO] CADModel:165 - CPN selected for project levelSTM32F103C8T6
2026-01-09 00:08:02,780 [INFO] CADModel:114 - Register for checkConnection events
2026-01-09 00:08:02,839 [INFO] OpenFileManager:386 - Restore cursor
2026-01-09 00:09:48,005 [INFO] UtilMem:75 - End SaveConfig() Used Memory: 997953000 Bytes (1073741824)
2026-01-09 00:09:48,130 [INFO] UtilMem:75 - End SaveConfig() Used Memory: 1012177968 Bytes (1073741824)
2026-01-09 00:09:50,431 [INFO] UtilMem:75 - End SaveConfig() Used Memory: 764968992 Bytes (1073741824)
2026-01-09 00:09:50,941 [INFO] BlockDiagram:2775 - set Specific Code input for plugin: SPI
2026-01-09 00:09:50,941 [INFO] BlockDiagram:2775 - set Specific Code input for plugin: NVIC
2026-01-09 00:09:50,941 [INFO] BlockDiagram:2775 - set Specific Code input for plugin: SYS
2026-01-09 00:09:50,941 [INFO] BlockDiagram:2775 - set Specific Code input for plugin: GPIO
2026-01-09 00:09:50,941 [INFO] BlockDiagram:2775 - set Specific Code input for plugin: RCC
2026-01-09 00:09:50,942 [INFO] CodeGenerator:892 - code generatio: config db path: D:\installs\STM32CubeIDE_1.19.0\STM32CubeIDE\plugins\com.st.stm32cube.common.mx_6.15.0.202507011659\\db\
2026-01-09 00:09:51,352 [INFO] CodeEngine:265 - oldGeneratedFile, D:\projects\stm32_cube_ide\LoRa_stm_v3\MXTmpFiles\license.tmp_save
2026-01-09 00:09:51,483 [INFO] CodeEngine:289 - Generated code: D:\projects\stm32_cube_ide\LoRa_stm_v3\MXTmpFiles\license.tmp
2026-01-09 00:09:51,523 [INFO] CodeEngine:265 - oldGeneratedFile, D:\projects\stm32_cube_ide\LoRa_stm_v3\MXTmpFiles\gpio.tmp_save
2026-01-09 00:09:51,619 [INFO] CodeEngine:289 - Generated code: D:\projects\stm32_cube_ide\LoRa_stm_v3\MXTmpFiles\gpio.tmp
2026-01-09 00:09:51,662 [INFO] CodeEngine:265 - oldGeneratedFile, D:\projects\stm32_cube_ide\LoRa_stm_v3\Core\Src\stm32f1xx_it.c_save
2026-01-09 00:09:51,759 [INFO] CodeEngine:289 - Generated code: D:\projects\stm32_cube_ide\LoRa_stm_v3\Core\Src\stm32f1xx_it.c
2026-01-09 00:09:51,764 [INFO] CodeEngine:265 - oldGeneratedFile, D:\projects\stm32_cube_ide\LoRa_stm_v3\Core\Inc\stm32f1xx_it.h_save
2026-01-09 00:09:51,840 [INFO] CodeEngine:289 - Generated code: D:\projects\stm32_cube_ide\LoRa_stm_v3\Core\Inc\stm32f1xx_it.h
2026-01-09 00:09:51,848 [INFO] CodeEngine:265 - oldGeneratedFile, D:\projects\stm32_cube_ide\LoRa_stm_v3\Core\Src\stm32f1xx_hal_msp.c_save
2026-01-09 00:09:51,964 [INFO] CodeEngine:289 - Generated code: D:\projects\stm32_cube_ide\LoRa_stm_v3\Core\Src\stm32f1xx_hal_msp.c
2026-01-09 00:09:51,967 [INFO] CodeEngine:265 - oldGeneratedFile, D:\projects\stm32_cube_ide\LoRa_stm_v3\MXTmpFiles\system.tmp_save
2026-01-09 00:09:52,044 [INFO] CodeEngine:289 - Generated code: D:\projects\stm32_cube_ide\LoRa_stm_v3\MXTmpFiles\system.tmp
2026-01-09 00:09:52,051 [INFO] CodeEngine:321 - oldGeneratedFile, D:\projects\stm32_cube_ide\LoRa_stm_v3\Core\Inc\stm32f1xx_hal_conf.h_save
2026-01-09 00:09:52,131 [INFO] CodeEngine:345 - Generated code: D:\projects\stm32_cube_ide\LoRa_stm_v3\Core\Inc\stm32f1xx_hal_conf.h
2026-01-09 00:09:52,158 [INFO] ApiDbMcu:532 - Load IP Config File for SPI1
2026-01-09 00:09:52,163 [INFO] ApiDbMcu:532 - Load IP Config File for RCC
2026-01-09 00:09:52,169 [INFO] CodeEngine:265 - oldGeneratedFile, D:\projects\stm32_cube_ide\LoRa_stm_v3\Core\Inc\main.h_save
2026-01-09 00:09:52,248 [INFO] CodeEngine:289 - Generated code: D:\projects\stm32_cube_ide\LoRa_stm_v3\Core\Inc\main.h
2026-01-09 00:09:52,253 [INFO] CodeEngine:265 - oldGeneratedFile, D:\projects\stm32_cube_ide\LoRa_stm_v3\Core\Src\main.c_save
2026-01-09 00:09:52,361 [INFO] CodeEngine:289 - Generated code: D:\projects\stm32_cube_ide\LoRa_stm_v3\Core\Src\main.c
2026-01-09 00:09:53,372 [INFO] ProjectBuilder:3606 - Time for Copy HAL[1] : 94mS.
2026-01-09 00:09:53,374 [INFO] ProjectBuilder:5216 - Project Generator version: 4.7.0-B52
2026-01-09 00:09:53,439 [INFO] ConfigFileManager:1595 - The Die is : DIE410
2026-01-09 00:09:53,442 [INFO] ApiDbMcu:532 - Load IP Config File for FATFS
2026-01-09 00:09:53,447 [INFO] ApiDbMcu:532 - Load IP Config File for FREERTOS
2026-01-09 00:09:53,451 [INFO] ApiDbMcu:532 - Load IP Config File for USB_DEVICE
2026-01-09 00:09:54,274 [INFO] ProjectBuilder:5496 - Time for Generating toolchain IDE Files: 900mS.
2026-01-09 00:09:54,275 [INFO] ProjectBuilder:3463 - Time for Copy CMSIS : 0mS.
2026-01-09 00:09:54,277 [INFO] ProjectBuilder:3463 - Time for Copy CMSIS : 0mS.
2026-01-09 00:10:56,434 [INFO] Gpio:278 - dependency for GPIO [RCC, SPI1, SYS]
2026-01-09 00:13:28,811 [INFO] Gpio:278 - dependency for GPIO [RCC, SPI1, SYS]
2026-01-09 00:17:55,099 [INFO] NvicIntPanel:101 - NVIC parent = com.st.microxplorer.plugins.ip.nvic.MultiNvicIntPanel[,0,0,0x0,invalid,layout=javax.swing.BoxLayout,alignmentX=0.0,alignmentY=0.0,border=,flags=9,maximumSize=,minimumSize=,preferredSize=]
2026-01-09 00:18:00,472 [INFO] NvicIntPanel:101 - NVIC parent = com.st.microxplorer.plugins.ip.nvic.MultiNvicIntPanel[,0,0,0x0,invalid,layout=javax.swing.BoxLayout,alignmentX=0.0,alignmentY=0.0,border=,flags=9,maximumSize=,minimumSize=,preferredSize=]
2026-01-09 00:18:02,157 [INFO] NvicIntPanel:101 - NVIC parent = com.st.microxplorer.plugins.ip.nvic.MultiNvicIntPanel[,0,0,0x0,invalid,layout=javax.swing.BoxLayout,alignmentX=0.0,alignmentY=0.0,border=,flags=9,maximumSize=,minimumSize=,preferredSize=]
2026-01-09 00:18:02,203 [INFO] NvicIntPanel:101 - NVIC parent = com.st.microxplorer.plugins.ip.nvic.MultiNvicIntPanel[,0,0,0x0,invalid,layout=javax.swing.BoxLayout,alignmentX=0.0,alignmentY=0.0,border=,flags=9,maximumSize=,minimumSize=,preferredSize=]
2026-01-09 00:18:04,082 [INFO] NvicIntPanel:101 - NVIC parent = com.st.microxplorer.plugins.ip.nvic.MultiNvicIntPanel[,0,0,0x0,invalid,layout=javax.swing.BoxLayout,alignmentX=0.0,alignmentY=0.0,border=,flags=9,maximumSize=,minimumSize=,preferredSize=]
2026-01-09 00:18:04,131 [INFO] NvicIntPanel:101 - NVIC parent = com.st.microxplorer.plugins.ip.nvic.MultiNvicIntPanel[,0,0,0x0,invalid,layout=javax.swing.BoxLayout,alignmentX=0.0,alignmentY=0.0,border=,flags=9,maximumSize=,minimumSize=,preferredSize=]
2026-01-09 00:18:14,031 [INFO] Gpio:278 - dependency for GPIO [RCC, SPI1, SYS, USART1]
2026-01-09 00:19:25,014 [INFO] UtilMem:75 - End SaveConfig() Used Memory: 892691352 Bytes (1073741824)
2026-01-09 00:19:25,076 [INFO] UtilMem:75 - End SaveConfig() Used Memory: 905720112 Bytes (1073741824)
2026-01-09 00:19:25,586 [INFO] UtilMem:75 - End SaveConfig() Used Memory: 957801408 Bytes (1073741824)
2026-01-09 00:19:25,937 [INFO] BlockDiagram:2775 - set Specific Code input for plugin: SPI
2026-01-09 00:19:25,937 [INFO] BlockDiagram:2775 - set Specific Code input for plugin: NVIC
2026-01-09 00:19:25,937 [INFO] BlockDiagram:2775 - set Specific Code input for plugin: USART
2026-01-09 00:19:25,937 [INFO] BlockDiagram:2775 - set Specific Code input for plugin: SYS
2026-01-09 00:19:25,937 [INFO] BlockDiagram:2775 - set Specific Code input for plugin: GPIO
2026-01-09 00:19:25,937 [INFO] BlockDiagram:2775 - set Specific Code input for plugin: RCC
2026-01-09 00:19:25,938 [INFO] CodeGenerator:892 - code generatio: config db path: D:\installs\STM32CubeIDE_1.19.0\STM32CubeIDE\plugins\com.st.stm32cube.common.mx_6.15.0.202507011659\\db\
2026-01-09 00:19:26,001 [INFO] CodeEngine:265 - oldGeneratedFile, D:\projects\stm32_cube_ide\LoRa_stm_v3\MXTmpFiles\license.tmp_save
2026-01-09 00:19:26,213 [INFO] CodeEngine:289 - Generated code: D:\projects\stm32_cube_ide\LoRa_stm_v3\MXTmpFiles\license.tmp
2026-01-09 00:19:26,237 [INFO] CodeEngine:265 - oldGeneratedFile, D:\projects\stm32_cube_ide\LoRa_stm_v3\MXTmpFiles\gpio.tmp_save
2026-01-09 00:19:26,364 [INFO] CodeEngine:289 - Generated code: D:\projects\stm32_cube_ide\LoRa_stm_v3\MXTmpFiles\gpio.tmp
2026-01-09 00:19:26,432 [INFO] CodeEngine:265 - oldGeneratedFile, D:\projects\stm32_cube_ide\LoRa_stm_v3\Core\Src\stm32f1xx_it.c_save
2026-01-09 00:19:26,659 [INFO] CodeEngine:289 - Generated code: D:\projects\stm32_cube_ide\LoRa_stm_v3\Core\Src\stm32f1xx_it.c
2026-01-09 00:19:26,663 [INFO] CodeEngine:265 - oldGeneratedFile, D:\projects\stm32_cube_ide\LoRa_stm_v3\Core\Inc\stm32f1xx_it.h_save
2026-01-09 00:19:26,744 [INFO] CodeEngine:289 - Generated code: D:\projects\stm32_cube_ide\LoRa_stm_v3\Core\Inc\stm32f1xx_it.h
2026-01-09 00:19:26,753 [INFO] CodeEngine:265 - oldGeneratedFile, D:\projects\stm32_cube_ide\LoRa_stm_v3\Core\Src\stm32f1xx_hal_msp.c_save
2026-01-09 00:19:26,909 [INFO] CodeEngine:289 - Generated code: D:\projects\stm32_cube_ide\LoRa_stm_v3\Core\Src\stm32f1xx_hal_msp.c
2026-01-09 00:19:26,912 [INFO] CodeEngine:265 - oldGeneratedFile, D:\projects\stm32_cube_ide\LoRa_stm_v3\MXTmpFiles\system.tmp_save
2026-01-09 00:19:26,982 [INFO] CodeEngine:289 - Generated code: D:\projects\stm32_cube_ide\LoRa_stm_v3\MXTmpFiles\system.tmp
2026-01-09 00:19:26,990 [INFO] CodeEngine:321 - oldGeneratedFile, D:\projects\stm32_cube_ide\LoRa_stm_v3\Core\Inc\stm32f1xx_hal_conf.h_save
2026-01-09 00:19:27,066 [INFO] CodeEngine:345 - Generated code: D:\projects\stm32_cube_ide\LoRa_stm_v3\Core\Inc\stm32f1xx_hal_conf.h
2026-01-09 00:19:27,092 [INFO] ApiDbMcu:532 - Load IP Config File for USART1
2026-01-09 00:19:27,098 [INFO] CodeEngine:265 - oldGeneratedFile, D:\projects\stm32_cube_ide\LoRa_stm_v3\Core\Inc\main.h_save
2026-01-09 00:19:27,194 [INFO] CodeEngine:289 - Generated code: D:\projects\stm32_cube_ide\LoRa_stm_v3\Core\Inc\main.h
2026-01-09 00:19:27,198 [INFO] CodeEngine:265 - oldGeneratedFile, D:\projects\stm32_cube_ide\LoRa_stm_v3\Core\Src\main.c_save
2026-01-09 00:19:27,310 [INFO] CodeEngine:289 - Generated code: D:\projects\stm32_cube_ide\LoRa_stm_v3\Core\Src\main.c
2026-01-09 00:19:27,587 [INFO] ProjectBuilder:3606 - Time for Copy HAL[1] : 109mS.
2026-01-09 00:19:27,590 [INFO] ProjectBuilder:5216 - Project Generator version: 4.7.0-B52
2026-01-09 00:19:27,692 [INFO] ConfigFileManager:1595 - The Die is : DIE410
2026-01-09 00:19:28,557 [INFO] ProjectBuilder:5496 - Time for Generating toolchain IDE Files: 967mS.
2026-01-09 00:19:28,558 [INFO] ProjectBuilder:3463 - Time for Copy CMSIS : 1mS.
2026-01-09 00:19:28,559 [INFO] ProjectBuilder:3463 - Time for Copy CMSIS : 0mS.
