15:47:08 **** Incremental Build of configuration Debug for project lora_stm ****
make -j12 all 
arm-none-eabi-gcc "../Core/Src/main.c" -mcpu=cortex-m3 -std=gnu11 -g3 -DDEBUG -DUSE_HAL_DRIVER -DSTM32F103xB -c -I../Core/Inc -I../Drivers/STM32F1xx_HAL_Driver/Inc/Legacy -I../Drivers/STM32F1xx_HAL_Driver/Inc -I../Drivers/CMSIS/Device/ST/STM32F1xx/Include -I../Drivers/CMSIS/Include -O0 -ffunction-sections -fdata-sections -Wall -fstack-usage -fcyclomatic-complexity -MMD -MP -MF"Core/Src/main.d" -MT"Core/Src/main.o" --specs=nano.specs -mfloat-abi=soft -mthumb -o "Core/Src/main.o"
../Core/Src/main.c: In function 'main':
../Core/Src/main.c:45:3: warning: implicit declaration of function 'MX_GPIO_Init'; did you mean 'HAL_GPIO_Init'? [-Wimplicit-function-declaration]
   45 |   MX_GPIO_Init();
      |   ^~~~~~~~~~~~
      |   HAL_GPIO_Init
../Core/Src/main.c:46:3: warning: implicit declaration of function 'MX_SPI1_Init'; did you mean 'HAL_SPI_Init'? [-Wimplicit-function-declaration]
   46 |   MX_SPI1_Init();
      |   ^~~~~~~~~~~~
      |   HAL_SPI_Init
../Core/Src/main.c:47:3: warning: implicit declaration of function 'MX_USART1_UART_Init' [-Wimplicit-function-declaration]
   47 |   MX_USART1_UART_Init();
      |   ^~~~~~~~~~~~~~~~~~~
arm-none-eabi-gcc -o "lora_stm.elf" @"objects.list"   -mcpu=cortex-m3 -T"D:\projects\stm32_cube_ide\lora_stm\STM32F103C8TX_FLASH.ld" --specs=nosys.specs -Wl,-Map="lora_stm.map" -Wl,--gc-sections -static --specs=nano.specs -mfloat-abi=soft -mthumb -Wl,--start-group -lc -lm -Wl,--end-group
Finished building target: lora_stm.elf
 
arm-none-eabi-size  lora_stm.elf 
arm-none-eabi-objdump -h -S lora_stm.elf  > "lora_stm.list"
   text	   data	    bss	    dec	    hex	filename
  16608	     92	   2108	  18808	   4978	lora_stm.elf
arm-none-eabi-objcopy  -O binary lora_stm.elf  "lora_stm.bin"
Finished building: default.size.stdout
 
Finished building: lora_stm.bin
Finished building: lora_stm.list
 
 

15:47:09 Build Finished. 0 errors, 3 warnings. (took 761ms)

