00:19:49 **** Incremental Build of configuration Debug for project LoRa_stm_v3 ****
make -j12 all 
arm-none-eabi-gcc "../Core/Src/LoRa.c" -mcpu=cortex-m3 -std=gnu11 -g3 -DDEBUG -DUSE_HAL_DRIVER -DSTM32F103xB -c -I../Core/Inc -I../Drivers/STM32F1xx_HAL_Driver/Inc/Legacy -I../Drivers/STM32F1xx_HAL_Driver/Inc -I../Drivers/CMSIS/Device/ST/STM32F1xx/Include -I../Drivers/CMSIS/Include -O0 -ffunction-sections -fdata-sections -Wall -fstack-usage -fcyclomatic-complexity -MMD -MP -MF"Core/Src/LoRa.d" -MT"Core/Src/LoRa.o" --specs=nano.specs -mfloat-abi=soft -mthumb -o "Core/Src/LoRa.o"
arm-none-eabi-gcc "../Core/Src/main.c" -mcpu=cortex-m3 -std=gnu11 -g3 -DDEBUG -DUSE_HAL_DRIVER -DSTM32F103xB -c -I../Core/Inc -I../Drivers/STM32F1xx_HAL_Driver/Inc/Legacy -I../Drivers/STM32F1xx_HAL_Driver/Inc -I../Drivers/CMSIS/Device/ST/STM32F1xx/Include -I../Drivers/CMSIS/Include -O0 -ffunction-sections -fdata-sections -Wall -fstack-usage -fcyclomatic-complexity -MMD -MP -MF"Core/Src/main.d" -MT"Core/Src/main.o" --specs=nano.specs -mfloat-abi=soft -mthumb -o "Core/Src/main.o"
arm-none-eabi-gcc -o "LoRa_stm_v3.elf" @"objects.list"   -mcpu=cortex-m3 -T"D:\projects\stm32_cube_ide\LoRa_stm_v3\STM32F103C8TX_FLASH.ld" --specs=nosys.specs -Wl,-Map="LoRa_stm_v3.map" -Wl,--gc-sections -static --specs=nano.specs -mfloat-abi=soft -mthumb -Wl,--start-group -lc -lm -Wl,--end-group
Finished building target: LoRa_stm_v3.elf
 
arm-none-eabi-size  LoRa_stm_v3.elf 
arm-none-eabi-objdump -h -S LoRa_stm_v3.elf  > "LoRa_stm_v3.list"
   text	   data	    bss	    dec	    hex	filename
  17024	     92	   2108	  19224	   4b18	LoRa_stm_v3.elf
Finished building: default.size.stdout
 
Finished building: LoRa_stm_v3.list
 

00:19:49 Build Finished. 0 errors, 0 warnings. (took 762ms)

