01:55:30 **** Incremental Build of configuration Debug for project MPU6050 ****
make -j12 all 
arm-none-eabi-gcc "../Core/Src/main.c" -mcpu=cortex-m3 -std=gnu11 -g3 -DDEBUG -DUSE_HAL_DRIVER -DSTM32F103xB -c -I../Core/Inc -I../Drivers/STM32F1xx_HAL_Driver/Inc/Legacy -I../Drivers/STM32F1xx_HAL_Driver/Inc -I../Drivers/CMSIS/Device/ST/STM32F1xx/Include -I../Drivers/CMSIS/Include -O0 -ffunction-sections -fdata-sections -Wall -fstack-usage -fcyclomatic-complexity -MMD -MP -MF"Core/Src/main.d" -MT"Core/Src/main.o" --specs=nano.specs -mfloat-abi=soft -mthumb -o "Core/Src/main.o"
arm-none-eabi-gcc -o "MPU6050.elf" @"objects.list"   -mcpu=cortex-m3 -T"D:\projects\stm32_cube_ide\MPU6050\STM32F103C8TX_FLASH.ld" --specs=nosys.specs -Wl,-Map="MPU6050.map" -Wl,--gc-sections -static --specs=nano.specs -mfloat-abi=soft -mthumb -u _printf_float -u _scanf_float -Wl,--start-group -lc -lm -Wl,--end-group
Finished building target: MPU6050.elf
 
arm-none-eabi-size  MPU6050.elf 
arm-none-eabi-objdump -h -S MPU6050.elf  > "MPU6050.list"
   text	   data	    bss	    dec	    hex	filename
  36092	    468	   2092	  38652	   96fc	MPU6050.elf
arm-none-eabi-objcopy  -O ihex MPU6050.elf  "MPU6050.hex"
Finished building: default.size.stdout
arm-none-eabi-objcopy  -O binary MPU6050.elf  "MPU6050.bin"
 
Finished building: MPU6050.hex
Finished building: MPU6050.bin
 
 
Finished building: MPU6050.list
 

01:55:31 Build Finished. 0 errors, 0 warnings. (took 1s.170ms)

